ELF Header:
  Magic:   7f 45 4c 46 01 01 01 00 00 00 00 00 00 00 00 00 
  Class:                             ELF32
  Data:                              2's complement, little endian
  Version:                           1 (current)
  OS/ABI:                            UNIX - System V
  ABI Version:                       0
  Type:                              EXEC (Executable file)
  Machine:                           RISC-V
  Version:                           0x1
  Entry point address:               0x1000000
  Start of program headers:          52 (bytes into file)
  Start of section headers:          24656 (bytes into file)
  Flags:                             0x9, RVC, RVE, soft-float ABI
  Size of this header:               52 (bytes)
  Size of program headers:           32 (bytes)
  Number of program headers:         1
  Size of section headers:           40 (bytes)
  Number of section headers:         18
  Section header string table index: 17

Section Headers:
  [Nr] Name              Type            Addr     Off    Size   ES Flg Lk Inf Al
  [ 0]                   NULL            00000000 000000 000000 00      0   0  0
  [ 1] .text             PROGBITS        01000000 001000 0008a0 00  AX  0   0 64
  [ 2] .rodata           PROGBITS        010008a0 0018a0 000000 00  WA  0   0  1
  [ 3] .data             PROGBITS        010008a0 0018a0 000000 00  WA  0   0  1
  [ 4] .bss              NOBITS          010008a0 0018a0 000760 00  WA  0   0  4
  [ 5] .riscv.attributes RISCV_ATTRIBUTE 00000000 0018a0 000029 00      0   0  1
  [ 6] .comment          PROGBITS        00000000 0018c9 000032 01  MS  0   0  1
  [ 7] .debug_line       PROGBITS        00000000 0018fb 001630 00      0   0  1
  [ 8] .debug_info       PROGBITS        00000000 002f2b 00195b 00      0   0  1
  [ 9] .debug_abbrev     PROGBITS        00000000 004886 000599 00      0   0  1
  [10] .debug_aranges    PROGBITS        00000000 004e20 000068 00      0   0  8
  [11] .debug_str        PROGBITS        00000000 004e88 0007ed 01  MS  0   0  1
  [12] .debug_ranges     PROGBITS        00000000 005678 000020 00      0   0  8
  [13] .debug_loc        PROGBITS        00000000 005698 00011d 00      0   0  1
  [14] .debug_frame      PROGBITS        00000000 0057b8 0000c8 00      0   0  4
  [15] .symtab           SYMTAB          00000000 005880 000470 10     16  22  4
  [16] .strtab           STRTAB          00000000 005cf0 0002a9 00      0   0  1
  [17] .shstrtab         STRTAB          00000000 005f99 0000b5 00      0   0  1
Key to Flags:
  W (write), A (alloc), X (execute), M (merge), S (strings), I (info),
  L (link order), O (extra OS processing required), G (group), T (TLS),
  C (compressed), x (unknown), o (OS specific), E (exclude),
  p (processor specific)

Program Headers:
  Type           Offset   VirtAddr   PhysAddr   FileSiz MemSiz  Flg Align
  LOAD           0x001000 0x01000000 0x01000000 0x008a0 0x01000 RWE 0x1000

 Section to Segment mapping:
  Segment Sections...
   00     .text .bss 
======================================================================

Allocating common symbols
Common symbol       size              file

i2c_slave_buffer2   0xc8              Obj/uart.o
i2c_slave_buffer    0xc8              Obj/uart.o
i2c_master_send_buffer
                    0xc8              Obj/main.o
tm_count            0x4               Obj/uart.o
i2c_master_rev_buffer
                    0xc8              Obj/main.o

Discarded input sections

 .data          0x0000000000000000        0x0 Obj/crt0.o
 .bss           0x0000000000000000        0x0 Obj/crt0.o
 .data          0x0000000000000000        0x0 Obj/main.o
 .data          0x0000000000000000        0x0 Obj/uart.o

Memory Configuration

Name             Origin             Length             Attributes
MEM              0x0000000001000000 0x0000000000001000
*default*        0x0000000000000000 0xffffffffffffffff

Linker script and memory map

LOAD Obj/crt0.o
LOAD Obj/main.o
LOAD Obj/uart.o
LOAD d:/c-sky/cdk/csky/mingw/riscv64-unknown-elf-toolchain/bin/../lib/gcc/riscv64-unknown-elf/8.4.0/rv32ec/ilp32e\libgcc.a

.text           0x0000000001000000      0x8a0
                0x0000000001000000                . = ALIGN (0x4)
 *crt0.o(.text.init)
 .text.init     0x0000000001000000       0x3a Obj/crt0.o
                0x0000000001000000                Reset_Handler
 *crt0.o(.exp_table)
 *fill*         0x000000000100003a        0x6 
 .exp_table     0x0000000001000040       0xc0 Obj/crt0.o
                0x0000000001000040                __Vectors
                0x0000000001000100                __stext = .
 *(.text)
 .text          0x0000000001000100      0x134 Obj/crt0.o
                0x0000000001000100                __bkpt_label
                0x0000000001000104                Default_IRQHandler
                0x00000000010001c0                Default_Handler
 .text          0x0000000001000234      0x2f4 Obj/main.o
                0x0000000001000234                i2c_slave_init
                0x0000000001000256                i2c_master_init
                0x00000000010002e0                timer0_init
                0x0000000001000308                i2c_master_transmit
                0x0000000001000348                i2c_master_rev
                0x000000000100035c                i2c_master_restart_rev1
                0x0000000001000372                i2c_master_restart_rev2
                0x0000000001000388                delay
                0x0000000001000396                main
 .text          0x0000000001000528      0x36a Obj/uart.o
                0x0000000001000528                handle_irq
 *(.text*)
 *(.text.*)
                0x00000000010008a0                . = ALIGN (0x10)
 *fill*         0x0000000001000892        0xe 
                0x00000000010008a0                __etext = .

.rodata         0x00000000010008a0        0x0
                0x00000000010008a0                . = ALIGN (0x4)
                0x00000000010008a0                __srodata = .
 *(.rdata)
 *(.rdata*)
 *(.rdata.*)
 *(.rodata)
 *(.rodata*)
 *(.rodata.*)
                0x00000000010008a0                . = ALIGN (0x10)
                0x00000000010008a0                __erodata = .

.data           0x00000000010008a0        0x0
                0x00000000010008a0                . = ALIGN (0x4)
                0x00000000010008a0                __sdata = .
                0x00000000010008a0                __data_start = .
 *(.data)
 *(.data*)
 *(.data.*)
                0x00000000010008a0                __global_pointer$ = .
 *(.sdata)
 *(.sdata.*)
                0x00000000010008a0                . = ALIGN (0x10)
                0x00000000010008a0                __data_end__ = .
                0x00000000010008a0                __edata = .

.bss            0x00000000010008a0      0x760
                0x00000000010008a0                . = ALIGN (0x4)
                0x00000000010008a0                __sbss = ALIGN (0x4)
                0x00000000010008a0                __bss_start__ = .
 *(.bss)
 .bss           0x00000000010008a0        0xc Obj/main.o
                0x00000000010008a0                rw_flag
                0x00000000010008a4                master_work_flag
                0x00000000010008a8                slave_buffer_pointer
 .bss           0x00000000010008ac       0x1c Obj/uart.o
                0x00000000010008ac                pos
                0x00000000010008b0                ii2
                0x00000000010008b4                buffer_pointer2
                0x00000000010008b8                buffer_pointer
                0x00000000010008bc                buffer_cycle
                0x00000000010008c0                buffer_cycle2
                0x00000000010008c4                ii
 *(.bss.*)
 .bss.app_stack
                0x00000000010008c8      0x200 Obj/crt0.o
                0x0000000001000ac8                __initial_sp
 .bss.trap_stack
                0x0000000001000ac8      0x208 Obj/crt0.o
                0x0000000001000ac8                g_trapstackbase
                0x0000000001000ac8                g_trapstackalloc
                0x0000000001000cc8                g_trap_sp
                0x0000000001000cc8                g_top_trapstack
 *(COMMON)
 COMMON         0x0000000001000cd0      0x190 Obj/main.o
                0x0000000001000cd0                i2c_master_send_buffer
                0x0000000001000d98                i2c_master_rev_buffer
 COMMON         0x0000000001000e60      0x194 Obj/uart.o
                0x0000000001000e60                i2c_slave_buffer2
                0x0000000001000f28                i2c_slave_buffer
                0x0000000001000ff0                tm_count
                0x0000000001001000                . = ALIGN (0x10)
 *fill*         0x0000000001000ff4        0xc 
                0x0000000001001000                __bss_end__ = .
 *crt0.o(.bss.app_stack)
 *crt0.o(.bss.trap_stack)
                0x0000000001001000                __end = .
                0x0000000001001000                end = .
OUTPUT(Obj/i2c_master_self_loop_slave.elf elf32-littleriscv)

.rela.dyn       0x0000000001001000        0x0
 .rela.text     0x0000000001001000        0x0 Obj/crt0.o
 .rela.exp_table
                0x0000000001001000        0x0 Obj/crt0.o
 .rela.text.init
                0x0000000001001000        0x0 Obj/crt0.o

.riscv.attributes
                0x0000000000000000       0x29
 .riscv.attributes
                0x0000000000000000       0x29 Obj/crt0.o
 .riscv.attributes
                0x0000000000000029       0x29 Obj/main.o
 .riscv.attributes
                0x0000000000000052       0x29 Obj/uart.o

.comment        0x0000000000000000       0x32
 .comment       0x0000000000000000       0x32 Obj/main.o
                                         0x33 (size before relaxing)
 .comment       0x0000000000000032       0x33 Obj/uart.o

.debug_line     0x0000000000000000     0x1630
 .debug_line    0x0000000000000000      0x25f Obj/crt0.o
 .debug_line    0x000000000000025f      0xaca Obj/main.o
 .debug_line    0x0000000000000d29      0x907 Obj/uart.o

.debug_info     0x0000000000000000     0x195b
 .debug_info    0x0000000000000000       0x22 Obj/crt0.o
 .debug_info    0x0000000000000022      0xe0e Obj/main.o
 .debug_info    0x0000000000000e30      0xb2b Obj/uart.o

.debug_abbrev   0x0000000000000000      0x599
 .debug_abbrev  0x0000000000000000       0x12 Obj/crt0.o
 .debug_abbrev  0x0000000000000012      0x35c Obj/main.o
 .debug_abbrev  0x000000000000036e      0x22b Obj/uart.o

.debug_aranges  0x0000000000000000       0x68
 .debug_aranges
                0x0000000000000000       0x28 Obj/crt0.o
 .debug_aranges
                0x0000000000000028       0x20 Obj/main.o
 .debug_aranges
                0x0000000000000048       0x20 Obj/uart.o

.debug_str      0x0000000000000000      0x7ed
 .debug_str     0x0000000000000000       0x48 Obj/crt0.o
 .debug_str     0x0000000000000048      0x77a Obj/main.o
                                        0x82e (size before relaxing)
 .debug_str     0x00000000000007c2       0x2b Obj/uart.o
                                        0x715 (size before relaxing)

.debug_ranges   0x0000000000000000       0x20
 .debug_ranges  0x0000000000000000       0x20 Obj/crt0.o

.debug_loc      0x0000000000000000      0x11d
 .debug_loc     0x0000000000000000      0x11d Obj/main.o

.debug_frame    0x0000000000000000       0xc8
 .debug_frame   0x0000000000000000       0xa8 Obj/main.o
 .debug_frame   0x00000000000000a8       0x20 Obj/uart.o
