ELF Header:
  Magic:   7f 45 4c 46 01 01 01 00 00 00 00 00 00 00 00 00 
  Class:                             ELF32
  Data:                              2's complement, little endian
  Version:                           1 (current)
  OS/ABI:                            UNIX - System V
  ABI Version:                       0
  Type:                              EXEC (Executable file)
  Machine:                           RISC-V
  Version:                           0x1
  Entry point address:               0x1000000
  Start of program headers:          52 (bytes into file)
  Start of section headers:          20240 (bytes into file)
  Flags:                             0x9, RVC, RVE, soft-float ABI
  Size of this header:               52 (bytes)
  Size of program headers:           32 (bytes)
  Number of program headers:         1
  Size of section headers:           40 (bytes)
  Number of section headers:         18
  Section header string table index: 17

Section Headers:
  [Nr] Name              Type            Addr     Off    Size   ES Flg Lk Inf Al
  [ 0]                   NULL            00000000 000000 000000 00      0   0  0
  [ 1] .text             PROGBITS        01000000 001000 0004b0 00  AX  0   0 64
  [ 2] .rodata           PROGBITS        010004b0 0014b0 000000 00  WA  0   0  1
  [ 3] .data             PROGBITS        010004b0 0014b0 000000 00  WA  0   0  1
  [ 4] .bss              NOBITS          010004b0 0014b0 000420 00  WA  0   0  4
  [ 5] .riscv.attributes RISCV_ATTRIBUTE 00000000 0014b0 000029 00      0   0  1
  [ 6] .comment          PROGBITS        00000000 0014d9 000032 01  MS  0   0  1
  [ 7] .debug_line       PROGBITS        00000000 00150b 000e66 00      0   0  1
  [ 8] .debug_info       PROGBITS        00000000 002371 001732 00      0   0  1
  [ 9] .debug_abbrev     PROGBITS        00000000 003aa3 000569 00      0   0  1
  [10] .debug_aranges    PROGBITS        00000000 004010 000068 00      0   0  8
  [11] .debug_str        PROGBITS        00000000 004078 00072c 01  MS  0   0  1
  [12] .debug_ranges     PROGBITS        00000000 0047a8 000020 00      0   0  8
  [13] .debug_loc        PROGBITS        00000000 0047c8 000028 00      0   0  1
  [14] .debug_frame      PROGBITS        00000000 0047f0 0000b8 00      0   0  4
  [15] .symtab           SYMTAB          00000000 0048a8 0003a0 10     16  22  4
  [16] .strtab           STRTAB          00000000 004c48 000213 00      0   0  1
  [17] .shstrtab         STRTAB          00000000 004e5b 0000b5 00      0   0  1
Key to Flags:
  W (write), A (alloc), X (execute), M (merge), S (strings), I (info),
  L (link order), O (extra OS processing required), G (group), T (TLS),
  C (compressed), x (unknown), o (OS specific), E (exclude),
  p (processor specific)

Program Headers:
  Type           Offset   VirtAddr   PhysAddr   FileSiz MemSiz  Flg Align
  LOAD           0x001000 0x01000000 0x01000000 0x004b0 0x008d0 RWE 0x1000

 Section to Segment mapping:
  Segment Sections...
   00     .text .bss 
======================================================================

Allocating common symbols
Common symbol       size              file

i2c_master_send_buffer
                    0x8               Obj/main.o
tm_count            0x4               Obj/uart.o
i2c_master_rev_buffer
                    0x8               Obj/main.o

Discarded input sections

 .data          0x0000000000000000        0x0 Obj/crt0.o
 .bss           0x0000000000000000        0x0 Obj/crt0.o
 .data          0x0000000000000000        0x0 Obj/main.o
 .bss           0x0000000000000000        0x0 Obj/main.o
 .data          0x0000000000000000        0x0 Obj/uart.o
 .bss           0x0000000000000000        0x0 Obj/uart.o

Memory Configuration

Name             Origin             Length             Attributes
MEM              0x0000000001000000 0x0000000000001000
*default*        0x0000000000000000 0xffffffffffffffff

Linker script and memory map

LOAD Obj/crt0.o
LOAD Obj/main.o
LOAD Obj/uart.o
LOAD d:/c-sky/cdk/csky/mingw/riscv64-unknown-elf-toolchain/bin/../lib/gcc/riscv64-unknown-elf/8.4.0/rv32ec/ilp32e\libgcc.a

.text           0x0000000001000000      0x4b0
                0x0000000001000000                . = ALIGN (0x4)
 *crt0.o(.text.init)
 .text.init     0x0000000001000000       0x36 Obj/crt0.o
                0x0000000001000000                Reset_Handler
 *crt0.o(.exp_table)
 *fill*         0x0000000001000036        0xa 
 .exp_table     0x0000000001000040       0xc0 Obj/crt0.o
                0x0000000001000040                __Vectors
                0x0000000001000100                __stext = .
 *(.text)
 .text          0x0000000001000100      0x134 Obj/crt0.o
                0x0000000001000100                __bkpt_label
                0x0000000001000104                Default_IRQHandler
                0x00000000010001c0                Default_Handler
 .text          0x0000000001000234      0x248 Obj/main.o
                0x0000000001000234                i2c_master_init
                0x000000000100029a                timer0_init
                0x00000000010002c2                i2c_master_transmit
                0x0000000001000310                i2c_master_rev
                0x000000000100031e                i2c_master_restart_rev1
                0x000000000100032e                i2c_master_restart_rev2
                0x000000000100033e                delay
                0x000000000100034c                main
 .text          0x000000000100047c       0x34 Obj/uart.o
                0x000000000100047c                handle_irq
 *(.text*)
 *(.text.*)
                0x00000000010004b0                . = ALIGN (0x10)
 *fill*         0x00000000010004b0        0x0 
                0x00000000010004b0                __etext = .

.rodata         0x00000000010004b0        0x0
                0x00000000010004b0                . = ALIGN (0x4)
                0x00000000010004b0                __srodata = .
 *(.rdata)
 *(.rdata*)
 *(.rdata.*)
 *(.rodata)
 *(.rodata*)
 *(.rodata.*)
                0x00000000010004b0                . = ALIGN (0x10)
                0x00000000010004b0                __erodata = .

.data           0x00000000010004b0        0x0
                0x00000000010004b0                . = ALIGN (0x4)
                0x00000000010004b0                __sdata = .
                0x00000000010004b0                __data_start = .
 *(.data)
 *(.data*)
 *(.data.*)
                0x00000000010004b0                __global_pointer$ = .
 *(.sdata)
 *(.sdata.*)
                0x00000000010004b0                . = ALIGN (0x10)
                0x00000000010004b0                __data_end__ = .
                0x00000000010004b0                __edata = .

.bss            0x00000000010004b0      0x420
                0x00000000010004b0                . = ALIGN (0x4)
                0x00000000010004b0                __sbss = ALIGN (0x4)
                0x00000000010004b0                __bss_start__ = .
 *(.bss)
 *(.bss.*)
 .bss.app_stack
                0x00000000010004b0      0x200 Obj/crt0.o
                0x00000000010006b0                __initial_sp
 .bss.trap_stack
                0x00000000010006b0      0x208 Obj/crt0.o
                0x00000000010006b0                g_trapstackbase
                0x00000000010006b0                g_trapstackalloc
                0x00000000010008b0                g_trap_sp
                0x00000000010008b0                g_top_trapstack
 *(COMMON)
 COMMON         0x00000000010008b8       0x10 Obj/main.o
                0x00000000010008b8                i2c_master_send_buffer
                0x00000000010008c0                i2c_master_rev_buffer
 COMMON         0x00000000010008c8        0x4 Obj/uart.o
                0x00000000010008c8                tm_count
                0x00000000010008d0                . = ALIGN (0x10)
 *fill*         0x00000000010008cc        0x4 
                0x00000000010008d0                __bss_end__ = .
 *crt0.o(.bss.app_stack)
 *crt0.o(.bss.trap_stack)
                0x00000000010008d0                __end = .
                0x00000000010008d0                end = .
OUTPUT(Obj/i2c_master_test.elf elf32-littleriscv)

.rela.dyn       0x00000000010008d0        0x0
 .rela.text     0x00000000010008d0        0x0 Obj/crt0.o
 .rela.exp_table
                0x00000000010008d0        0x0 Obj/crt0.o
 .rela.text.init
                0x00000000010008d0        0x0 Obj/crt0.o

.riscv.attributes
                0x0000000000000000       0x29
 .riscv.attributes
                0x0000000000000000       0x29 Obj/crt0.o
 .riscv.attributes
                0x0000000000000029       0x29 Obj/main.o
 .riscv.attributes
                0x0000000000000052       0x29 Obj/uart.o

.comment        0x0000000000000000       0x32
 .comment       0x0000000000000000       0x32 Obj/main.o
                                         0x33 (size before relaxing)
 .comment       0x0000000000000032       0x33 Obj/uart.o

.debug_line     0x0000000000000000      0xe66
 .debug_line    0x0000000000000000      0x25f Obj/crt0.o
 .debug_line    0x000000000000025f      0x99d Obj/main.o
 .debug_line    0x0000000000000bfc      0x26a Obj/uart.o

.debug_info     0x0000000000000000     0x1732
 .debug_info    0x0000000000000000       0x22 Obj/crt0.o
 .debug_info    0x0000000000000022      0xd1f Obj/main.o
 .debug_info    0x0000000000000d41      0x9f1 Obj/uart.o

.debug_abbrev   0x0000000000000000      0x569
 .debug_abbrev  0x0000000000000000       0x12 Obj/crt0.o
 .debug_abbrev  0x0000000000000012      0x33f Obj/main.o
 .debug_abbrev  0x0000000000000351      0x218 Obj/uart.o

.debug_aranges  0x0000000000000000       0x68
 .debug_aranges
                0x0000000000000000       0x28 Obj/crt0.o
 .debug_aranges
                0x0000000000000028       0x20 Obj/main.o
 .debug_aranges
                0x0000000000000048       0x20 Obj/uart.o

.debug_str      0x0000000000000000      0x72c
 .debug_str     0x0000000000000000       0x3d Obj/crt0.o
 .debug_str     0x000000000000003d      0x6dd Obj/main.o
                                        0x777 (size before relaxing)
 .debug_str     0x000000000000071a       0x12 Obj/uart.o
                                        0x627 (size before relaxing)

.debug_ranges   0x0000000000000000       0x20
 .debug_ranges  0x0000000000000000       0x20 Obj/crt0.o

.debug_loc      0x0000000000000000       0x28
 .debug_loc     0x0000000000000000       0x28 Obj/main.o

.debug_frame    0x0000000000000000       0xb8
 .debug_frame   0x0000000000000000       0x98 Obj/main.o
 .debug_frame   0x0000000000000098       0x20 Obj/uart.o
