ELF Header:
  Magic:   7f 45 4c 46 01 01 01 00 00 00 00 00 00 00 00 00 
  Class:                             ELF32
  Data:                              2's complement, little endian
  Version:                           1 (current)
  OS/ABI:                            UNIX - System V
  ABI Version:                       0
  Type:                              EXEC (Executable file)
  Machine:                           RISC-V
  Version:                           0x1
  Entry point address:               0x4000d4
  Start of program headers:          52 (bytes into file)
  Start of section headers:          18324 (bytes into file)
  Flags:                             0x9, RVC, RVE, soft-float ABI
  Size of this header:               52 (bytes)
  Size of program headers:           32 (bytes)
  Number of program headers:         1
  Size of section headers:           40 (bytes)
  Number of section headers:         17
  Section header string table index: 16

Section Headers:
  [Nr] Name              Type            Addr     Off    Size   ES Flg Lk Inf Al
  [ 0]                   NULL            00000000 000000 000000 00      0   0  0
  [ 1] .text             PROGBITS        00400000 001000 000120 00  AX  0   0 64
  [ 2] .rodata           PROGBITS        00400120 001120 000000 00  WA  0   0  1
  [ 3] .data             PROGBITS        00400120 001120 000000 00  WA  0   0  1
  [ 4] .bss              NOBITS          00400120 001120 000110 00  WA  0   0  4
  [ 5] .comment          PROGBITS        00000000 001120 000032 01  MS  0   0  1
  [ 6] .riscv.attributes RISCV_ATTRIBUTE 00000000 001152 000029 00      0   0  1
  [ 7] .debug_aranges    PROGBITS        00000000 001180 000040 00      0   0  8
  [ 8] .debug_info       PROGBITS        00000000 0011c0 0000b1 00      0   0  1
  [ 9] .debug_abbrev     PROGBITS        00000000 001271 000084 00      0   0  1
  [10] .debug_line       PROGBITS        00000000 0012f5 00012b 00      0   0  1
  [11] .debug_frame      PROGBITS        00000000 001420 000020 00      0   0  4
  [12] .debug_str        PROGBITS        00000000 001440 002789 01  MS  0   0  1
  [13] .debug_macro      PROGBITS        00000000 003bc9 0007fd 00      0   0  1
  [14] .symtab           SYMTAB          00000000 0043c8 000250 10     15  19  4
  [15] .strtab           STRTAB          00000000 004618 0000d1 00      0   0  1
  [16] .shstrtab         STRTAB          00000000 0046e9 0000a9 00      0   0  1
Key to Flags:
  W (write), A (alloc), X (execute), M (merge), S (strings), I (info),
  L (link order), O (extra OS processing required), G (group), T (TLS),
  C (compressed), x (unknown), o (OS specific), E (exclude),
  p (processor specific)

Program Headers:
  Type           Offset   VirtAddr   PhysAddr   FileSiz MemSiz  Flg Align
  LOAD           0x001000 0x00400000 0x00400000 0x00120 0x00230 RWE 0x1000

 Section to Segment mapping:
  Segment Sections...
   00     .text .bss 
======================================================================

Allocating common symbols
Common symbol       size              file

reg_data            0x4               Obj/main.o

Discarded input sections

 .text          0x0000000000000000        0x0 Obj/crt0.o
 .data          0x0000000000000000        0x0 Obj/crt0.o
 .bss           0x0000000000000000        0x0 Obj/crt0.o
 .group         0x0000000000000000        0xc Obj/main.o
 .group         0x0000000000000000        0xc Obj/main.o
 .group         0x0000000000000000        0xc Obj/main.o
 .bss           0x0000000000000000        0x0 Obj/main.o

Memory Configuration

Name             Origin             Length             Attributes
MEM              0x0000000000400000 0x0000000000001000
*default*        0x0000000000000000 0xffffffffffffffff

Linker script and memory map

LOAD Obj/crt0.o
LOAD Obj/main.o
LOAD d:/c-sky/cdk/csky/mingw/riscv64-unknown-elf-toolchain/bin/../lib/gcc/riscv64-unknown-elf/8.4.0/rv32ec/ilp32e\libgcc.a
START GROUP
LOAD d:/c-sky/cdk/csky/mingw/riscv64-unknown-elf-toolchain/bin/../lib/gcc/riscv64-unknown-elf/8.4.0/../../../../riscv64-unknown-elf/lib/rv32ec/ilp32e\libc.a
LOAD d:/c-sky/cdk/csky/mingw/riscv64-unknown-elf-toolchain/bin/../lib/gcc/riscv64-unknown-elf/8.4.0/../../../../riscv64-unknown-elf/lib/rv32ec/ilp32e\libgloss.a
END GROUP
LOAD d:/c-sky/cdk/csky/mingw/riscv64-unknown-elf-toolchain/bin/../lib/gcc/riscv64-unknown-elf/8.4.0/rv32ec/ilp32e\libgcc.a
                [!provide]                        PROVIDE (__origin = 0x400000)
                [!provide]                        PROVIDE (__length = 0x1000)
                [!provide]                        PROVIDE (__stack = 0x401000)

.text           0x0000000000400000      0x120
                0x0000000000400000                . = ALIGN (0x4)
 *crt0.o(.exp_table)
 .exp_table     0x0000000000400000       0xc0 Obj/crt0.o
                0x0000000000400000                __Vectors
                0x00000000004000c0                __stext = .
 *(.text)
 .text          0x00000000004000c0       0x14 Obj/main.o
                0x00000000004000c0                main
 *(.text*)
 .text.init     0x00000000004000d4       0x3e Obj/crt0.o
                0x00000000004000d4                Reset_Handler
 *(.text.*)
 *(.gnu.warning)
 *(.stub)
 *(.gnu.linkonce.t*)
 *(.glue_7t)
 *(.glue_7)
 *(.jcr)
 *(.init)
 *(.fini)
                0x0000000000400114                . = ALIGN (0x4)
 *fill*         0x0000000000400112        0x2 
                [!provide]                        PROVIDE (__ctbp = .)
 *(.call_table_data)
 *(.call_table_text)
                0x0000000000400120                . = ALIGN (0x10)
 *fill*         0x0000000000400114        0xc 
                0x0000000000400120                __etext = .

.rodata         0x0000000000400120        0x0
                0x0000000000400120                . = ALIGN (0x4)
                0x0000000000400120                __srodata = .
 *(.rdata)
 *(.rdata*)
 *(.rdata1)
 *(.rdata.*)
 *(.rodata)
 *(.rodata1)
 *(.rodata*)
 *(.rodata.*)
 *(.rodata.str1.4)
                0x0000000000400120                . = ALIGN (0x10)
                0x0000000000400120                __erodata = .

.data           0x0000000000400120        0x0
                0x0000000000400120                . = ALIGN (0x4)
                0x0000000000400120                __sdata = .
                0x0000000000400120                __data_start = .
                0x0000000000400120                data_start = .
 *main.o(.data)
 .data          0x0000000000400120        0x0 Obj/main.o
 *(.got.plt)
 *(.got)
 *(.gnu.linkonce.r*)
 *(.data)
 *(.data*)
 *(.data1)
 *(.data.*)
 *(.gnu.linkonce.d*)
 *(.data1)
 *(.gcc_except_table)
 *(.gcc_except_table*)
 *(.sdata)
 *(.sdata.*)
 *(.gnu.linkonce.s.*)
 *(__libc_atexit)
 *(__libc_subinit)
 *(__libc_subfreeres)
 *(.note.ABI-tag)
                0x0000000000400120                . = ALIGN (0x10)
                0x0000000000400120                __edata = .

.bss            0x0000000000400120      0x110
                0x0000000000400120                . = ALIGN (0x4)
                0x0000000000400120                __sbss = ALIGN (0x4)
                0x0000000000400120                __s_ram_bss_1 = .
 *(.dynsbss)
 *(.sbss)
 *(.sbss.*)
 *(.scommon)
 *(.dynbss)
 *(.bss)
 *(.bss.*)
 *(COMMON)
 COMMON         0x0000000000400120        0x4 Obj/main.o
                0x0000000000400120                reg_data
                0x0000000000400130                . = ALIGN (0x10)
 *fill*         0x0000000000400124        0xc 
                0x0000000000400130                __e_ram_bss_1 = .
 *crt0.o(.app_stack)
 .app_stack     0x0000000000400130      0x100 Obj/crt0.o
                0x0000000000400230                __initial_sp
                0x0000000000400230                __end = .
                0x0000000000400230                end = .

.eh_frame
 *(.eh_frame)

.gcc_except_table
 *(.gcc_except_table .gcc_except_table.*)

.eh_frame
 *(.eh_frame)

.gcc_except_table
 *(.gcc_except_table .gcc_except_table.*)

.eh_frame_hdr
 *(.eh_frame_hdr)

.preinit_array  0x0000000000000000        0x0
                [!provide]                        PROVIDE (__preinit_array_start = .)
 *(.preinit_array)
                [!provide]                        PROVIDE (__preinit_array_end = .)

.init_array     0x0000000000000000        0x0
                [!provide]                        PROVIDE (__init_array_start = .)
 *(SORT_BY_NAME(.init_array.*))
 *(.init_array)
                [!provide]                        PROVIDE (__init_array_end = .)

.fini_array     0x0000000000000000        0x0
                [!provide]                        PROVIDE (__fini_array_start = .)
 *(.fini_array)
 *(SORT_BY_NAME(.fini_array.*))
                [!provide]                        PROVIDE (__fini_array_end = .)

.ctors
 *crtbegin.o(.ctors)
 *crtbegin?.o(.ctors)
 *(EXCLUDE_FILE(*crtend?.o *crtend.o) .ctors)
 *(SORT_BY_NAME(.ctors.*))
 *(.ctors)

.dtors
 *crtbegin.o(.dtors)
 *crtbegin?.o(.dtors)
 *(EXCLUDE_FILE(*crtend?.o *crtend.o) .dtors)
 *(SORT_BY_NAME(.dtors.*))
 *(.dtors)

.junk           0x0000000000000000        0x0
 *(.rel*)
 .rela.text     0x0000000000000000        0x0 Obj/crt0.o
 *(.rela*)

.stab
 *(.stab)

.stabstr
 *(.stabstr)

.stab.excl
 *(.stab.excl)

.stab.exclstr
 *(.stab.exclstr)

.stab.index
 *(.stab.index)

.stab.indexstr
 *(.stab.indexstr)

.comment        0x0000000000000000       0x32
 *(.comment)
 .comment       0x0000000000000000       0x32 Obj/main.o
                                         0x33 (size before relaxing)

.riscv.attributes
                0x0000000000000000       0x29
 .riscv.attributes
                0x0000000000000000       0x29 Obj/crt0.o
 .riscv.attributes
                0x0000000000000029       0x29 Obj/main.o

.debug
 *(.debug)

.line
 *(.line)

.debug_srcinfo
 *(.debug_srcinfo)

.debug_sfnames
 *(.debug_sfnames)

.debug_aranges  0x0000000000000000       0x40
 *(.debug_aranges)
 .debug_aranges
                0x0000000000000000       0x20 Obj/crt0.o
 .debug_aranges
                0x0000000000000020       0x20 Obj/main.o

.debug_pubnames
 *(.debug_pubnames)

.debug_info     0x0000000000000000       0xb1
 *(.debug_info .gnu.linkonce.wi.*)
 .debug_info    0x0000000000000000       0x26 Obj/crt0.o
 .debug_info    0x0000000000000026       0x8b Obj/main.o

.debug_abbrev   0x0000000000000000       0x84
 *(.debug_abbrev)
 .debug_abbrev  0x0000000000000000       0x14 Obj/crt0.o
 .debug_abbrev  0x0000000000000014       0x70 Obj/main.o

.debug_line     0x0000000000000000      0x12b
 *(.debug_line)
 .debug_line    0x0000000000000000       0x86 Obj/crt0.o
 .debug_line    0x0000000000000086       0xa5 Obj/main.o

.debug_frame    0x0000000000000000       0x20
 *(.debug_frame)
 .debug_frame   0x0000000000000000       0x20 Obj/main.o

.debug_str      0x0000000000000000     0x2789
 *(.debug_str)
 .debug_str     0x0000000000000000       0x36 Obj/crt0.o
 .debug_str     0x0000000000000036     0x2753 Obj/main.o
                                       0x27a4 (size before relaxing)

.debug_loc
 *(.debug_loc)

.debug_macinfo
 *(.debug_macinfo)

.debug_weaknames
 *(.debug_weaknames)

.debug_funcnames
 *(.debug_funcnames)

.debug_typenames
 *(.debug_typenames)

.debug_varnames
 *(.debug_varnames)

.debug_pubtypes
 *(.debug_pubtypes)

.debug_ranges
 *(.debug_ranges)

.gnu.attributes
 *(.gnu.attributes)

/DISCARD/
 *(.note.GNU-stack)
 *(.gnu_debuglink)
 *(.gnu.lto_*)
OUTPUT(Obj/top_test.elf elf32-littleriscv)

.debug_macro    0x0000000000000000      0x7fd
 .debug_macro   0x0000000000000000       0x29 Obj/main.o
 .debug_macro   0x0000000000000029      0x74e Obj/main.o
 .debug_macro   0x0000000000000777       0x10 Obj/main.o
 .debug_macro   0x0000000000000787       0x76 Obj/main.o
