
Discarded input sections

 .data          0x0000000000000000        0x0 main.o
 .bss           0x0000000000000000        0x0 main.o
 .text          0x0000000000000000        0x0 crt0.o
 .data          0x0000000000000000        0x0 crt0.o
 .bss           0x0000000000000000        0x0 crt0.o
 .eh_frame      0x0000000000000000       0x2c crt0.o

Memory Configuration

Name             Origin             Length             Attributes
rom              0x0000000000000000 0x0000000000400000
ram              0x0000000000400000 0x0000000000001000
*default*        0x0000000000000000 0xffffffffffffffff

Linker script and memory map

LOAD main.o
LOAD crt0.o
                [!provide]                        PROVIDE (_ram_start = ORIGIN (ram))
                [!provide]                        PROVIDE (_ram_end = (ORIGIN (ram) + LENGTH (ram)))
                0x0000000000401000                PROVIDE (__stack_top = (ORIGIN (ram) + LENGTH (ram)))

.text           0x0000000000000000       0x28
 *(.text.start)
 *(.text .text.*)
 .text          0x0000000000000000       0x26 main.o
                0x0000000000000000                main
                0x0000000000000028                . = ALIGN (0x8)
 *fill*         0x0000000000000026        0x2 
                [!provide]                        PROVIDE (_etext = ABSOLUTE (.))

.init           0x0000000000000028       0x10
 .init          0x0000000000000028       0x10 crt0.o
                0x0000000000000028                _start

.rela.dyn       0x0000000000000038        0x0
 .rela.init     0x0000000000000038        0x0 main.o

.rodata
 *(.rodata .rodata.*)

.data           0x0000000000400000        0x0
 *(.data .data.*)
                0x0000000000400000                . = ALIGN (0x8)
                [!provide]                        PROVIDE (_edata = ABSOLUTE (.))

.bss            0x0000000000400000        0x0
                [!provide]                        PROVIDE (_bss = ABSOLUTE (.))
 *(.bss .bss.*)
 *(COMMON)
                0x0000000000400000                . = ALIGN (0x8)
                [!provide]                        PROVIDE (_ebss = ABSOLUTE (.))
                0x0000000000400000                . = ALIGN (0x40)
                [!provide]                        PROVIDE (_end = ABSOLUTE (.))
OUTPUT(hello elf32-littleriscv)

.debug_info     0x0000000000000000       0x95
 .debug_info    0x0000000000000000       0x6f main.o
 .debug_info    0x000000000000006f       0x26 crt0.o

.debug_abbrev   0x0000000000000000       0x60
 .debug_abbrev  0x0000000000000000       0x4c main.o
 .debug_abbrev  0x000000000000004c       0x14 crt0.o

.debug_aranges  0x0000000000000000       0x40
 .debug_aranges
                0x0000000000000000       0x20 main.o
 .debug_aranges
                0x0000000000000020       0x20 crt0.o

.debug_line     0x0000000000000000       0x9a
 .debug_line    0x0000000000000000       0x59 main.o
 .debug_line    0x0000000000000059       0x41 crt0.o

.debug_str      0x0000000000000000       0x75
 .debug_str     0x0000000000000000       0x62 main.o
 .debug_str     0x0000000000000062       0x13 crt0.o
                                         0x33 (size before relaxing)

.comment        0x0000000000000000       0x32
 .comment       0x0000000000000000       0x32 main.o
                                         0x33 (size before relaxing)

.riscv.attributes
                0x0000000000000000       0x29
 .riscv.attributes
                0x0000000000000000       0x29 main.o
 .riscv.attributes
                0x0000000000000029       0x29 crt0.o

.debug_frame    0x0000000000000000       0x2c
 .debug_frame   0x0000000000000000       0x2c main.o
