
Discarded input sections

 .data          0x0000000000000000        0x0 main.o
 .text          0x0000000000000000        0x0 crt0.o
 .data          0x0000000000000000        0x0 crt0.o
 .bss           0x0000000000000000        0x0 crt0.o
 .eh_frame      0x0000000000000000       0x2c crt0.o

Memory Configuration

Name             Origin             Length             Attributes
rom              0x0000000000000000 0x0000000000400000
ram              0x0000000000400000 0x0000000000001000
*default*        0x0000000000000000 0xffffffffffffffff

Linker script and memory map

LOAD main.o
LOAD crt0.o
                [!provide]                        PROVIDE (_ram_start = ORIGIN (ram))
                [!provide]                        PROVIDE (_ram_end = (ORIGIN (ram) + LENGTH (ram)))
                0x0000000000401000                PROVIDE (__stack_top = (ORIGIN (ram) + LENGTH (ram)))

.text           0x0000000000000000       0xa8
 *(.text.start)
 *(.text .text.*)
 .text          0x0000000000000000       0xa6 main.o
                0x0000000000000000                func_xxx
                0x000000000000002e                main
                0x00000000000000a8                . = ALIGN (0x8)
 *fill*         0x00000000000000a6        0x2 
                [!provide]                        PROVIDE (_etext = ABSOLUTE (.))

.init           0x00000000000000a8       0x10
 .init          0x00000000000000a8       0x10 crt0.o
                0x00000000000000a8                _start

.rela.dyn       0x00000000000000b8        0x0
 .rela.init     0x00000000000000b8        0x0 main.o

.rodata
 *(.rodata .rodata.*)

.data           0x0000000000400000        0x0
 *(.data .data.*)
                0x0000000000400000                . = ALIGN (0x8)
                [!provide]                        PROVIDE (_edata = ABSOLUTE (.))

.bss            0x0000000000400000        0x8
                [!provide]                        PROVIDE (_bss = ABSOLUTE (.))
 *(.bss .bss.*)
 .bss           0x0000000000400000        0x4 main.o
                0x0000000000400000                c
 *(COMMON)
                0x0000000000400008                . = ALIGN (0x8)
 *fill*         0x0000000000400004        0x4 
                [!provide]                        PROVIDE (_ebss = ABSOLUTE (.))
                0x0000000000400040                . = ALIGN (0x40)
                [!provide]                        PROVIDE (_end = ABSOLUTE (.))
OUTPUT(hello.elf elf32-littleriscv)

.debug_info     0x0000000000000000      0x9df
 .debug_info    0x0000000000000000      0x9b9 main.o
 .debug_info    0x00000000000009b9       0x26 crt0.o

.debug_abbrev   0x0000000000000000      0x234
 .debug_abbrev  0x0000000000000000      0x220 main.o
 .debug_abbrev  0x0000000000000220       0x14 crt0.o

.debug_aranges  0x0000000000000000       0x40
 .debug_aranges
                0x0000000000000000       0x20 main.o
 .debug_aranges
                0x0000000000000020       0x20 crt0.o

.debug_line     0x0000000000000000      0x1ef
 .debug_line    0x0000000000000000      0x1ae main.o
 .debug_line    0x00000000000001ae       0x41 crt0.o

.debug_str      0x0000000000000000      0x4cf
 .debug_str     0x0000000000000000      0x4bc main.o
                                        0x50e (size before relaxing)
 .debug_str     0x00000000000004bc       0x13 crt0.o
                                         0x33 (size before relaxing)

.comment        0x0000000000000000       0x32
 .comment       0x0000000000000000       0x32 main.o
                                         0x33 (size before relaxing)

.riscv.attributes
                0x0000000000000000       0x2b
 .riscv.attributes
                0x0000000000000000       0x2b main.o
 .riscv.attributes
                0x000000000000002b       0x2b crt0.o

.debug_frame    0x0000000000000000       0x54
 .debug_frame   0x0000000000000000       0x54 main.o
