ELF Header:
  Magic:   7f 45 4c 46 01 01 01 00 00 00 00 00 00 00 00 00 
  Class:                             ELF32
  Data:                              2's complement, little endian
  Version:                           1 (current)
  OS/ABI:                            UNIX - System V
  ABI Version:                       0
  Type:                              EXEC (Executable file)
  Machine:                           RISC-V
  Version:                           0x1
  Entry point address:               0x1000000
  Start of program headers:          52 (bytes into file)
  Start of section headers:          22716 (bytes into file)
  Flags:                             0x9, RVC, RVE, soft-float ABI
  Size of this header:               52 (bytes)
  Size of program headers:           32 (bytes)
  Number of program headers:         1
  Size of section headers:           40 (bytes)
  Number of section headers:         18
  Section header string table index: 17

Section Headers:
  [Nr] Name              Type            Addr     Off    Size   ES Flg Lk Inf Al
  [ 0]                   NULL            00000000 000000 000000 00      0   0  0
  [ 1] .text             PROGBITS        01000000 001000 0006e0 00  AX  0   0 64
  [ 2] .rodata           PROGBITS        010006e0 0016e0 000000 00  WA  0   0  1
  [ 3] .data             PROGBITS        010006e0 0016e0 000000 00  WA  0   0  1
  [ 4] .bss              NOBITS          010006e0 0016e0 0005d0 00  WA  0   0  4
  [ 5] .riscv.attributes RISCV_ATTRIBUTE 00000000 0016e0 000029 00      0   0  1
  [ 6] .comment          PROGBITS        00000000 001709 000032 01  MS  0   0  1
  [ 7] .debug_line       PROGBITS        00000000 00173b 001206 00      0   0  1
  [ 8] .debug_info       PROGBITS        00000000 002941 0018a9 00      0   0  1
  [ 9] .debug_abbrev     PROGBITS        00000000 0041ea 000599 00      0   0  1
  [10] .debug_aranges    PROGBITS        00000000 004788 000068 00      0   0  8
  [11] .debug_str        PROGBITS        00000000 0047f0 00079b 01  MS  0   0  1
  [12] .debug_ranges     PROGBITS        00000000 004f90 000020 00      0   0  8
  [13] .debug_loc        PROGBITS        00000000 004fb0 0000fe 00      0   0  1
  [14] .debug_frame      PROGBITS        00000000 0050b0 0000b8 00      0   0  4
  [15] .symtab           SYMTAB          00000000 005168 000420 10     16  22  4
  [16] .strtab           STRTAB          00000000 005588 00027e 00      0   0  1
  [17] .shstrtab         STRTAB          00000000 005806 0000b5 00      0   0  1
Key to Flags:
  W (write), A (alloc), X (execute), M (merge), S (strings), I (info),
  L (link order), O (extra OS processing required), G (group), T (TLS),
  C (compressed), x (unknown), o (OS specific), E (exclude),
  p (processor specific)

Program Headers:
  Type           Offset   VirtAddr   PhysAddr   FileSiz MemSiz  Flg Align
  LOAD           0x001000 0x01000000 0x01000000 0x006e0 0x00cb0 RWE 0x1000

 Section to Segment mapping:
  Segment Sections...
   00     .text .bss 
======================================================================

Allocating common symbols
Common symbol       size              file

i2c_master_send_buffer
                    0xc8              Obj/main.o
tm_count            0x4               Obj/uart.o
i2c_master_rev_buffer
                    0xc8              Obj/main.o
i2c_master_sended_buffer
                    0x10              Obj/main.o

Discarded input sections

 .data          0x0000000000000000        0x0 Obj/crt0.o
 .bss           0x0000000000000000        0x0 Obj/crt0.o
 .data          0x0000000000000000        0x0 Obj/main.o
 .data          0x0000000000000000        0x0 Obj/uart.o

Memory Configuration

Name             Origin             Length             Attributes
MEM              0x0000000001000000 0x0000000000001000
*default*        0x0000000000000000 0xffffffffffffffff

Linker script and memory map

LOAD Obj/crt0.o
LOAD Obj/main.o
LOAD Obj/uart.o
LOAD d:/c-sky/cdk/csky/mingw/riscv64-unknown-elf-toolchain/bin/../lib/gcc/riscv64-unknown-elf/8.4.0/rv32ec/ilp32e\libgcc.a

.text           0x0000000001000000      0x6e0
                0x0000000001000000                . = ALIGN (0x4)
 *crt0.o(.text.init)
 .text.init     0x0000000001000000       0x36 Obj/crt0.o
                0x0000000001000000                Reset_Handler
 *crt0.o(.exp_table)
 *fill*         0x0000000001000036        0xa 
 .exp_table     0x0000000001000040       0xc0 Obj/crt0.o
                0x0000000001000040                __Vectors
                0x0000000001000100                __stext = .
 *(.text)
 .text          0x0000000001000100      0x134 Obj/crt0.o
                0x0000000001000100                __bkpt_label
                0x0000000001000104                Default_IRQHandler
                0x00000000010001c0                Default_Handler
 .text          0x0000000001000234      0x202 Obj/main.o
                0x0000000001000234                i2c_master_init
                0x00000000010002c4                timer0_init
                0x00000000010002ec                i2c_master_transmit
                0x0000000001000328                i2c_master_rev
                0x0000000001000336                i2c_master_restart_rev1
                0x0000000001000346                i2c_master_restart_rev2
                0x0000000001000356                delay
                0x0000000001000364                main
 .text          0x0000000001000436      0x2a0 Obj/uart.o
                0x0000000001000436                handle_irq
 *(.text*)
 *(.text.*)
                0x00000000010006e0                . = ALIGN (0x10)
 *fill*         0x00000000010006d6        0xa 
                0x00000000010006e0                __etext = .

.rodata         0x00000000010006e0        0x0
                0x00000000010006e0                . = ALIGN (0x4)
                0x00000000010006e0                __srodata = .
 *(.rdata)
 *(.rdata*)
 *(.rdata.*)
 *(.rodata)
 *(.rodata*)
 *(.rodata.*)
                0x00000000010006e0                . = ALIGN (0x10)
                0x00000000010006e0                __erodata = .

.data           0x00000000010006e0        0x0
                0x00000000010006e0                . = ALIGN (0x4)
                0x00000000010006e0                __sdata = .
                0x00000000010006e0                __data_start = .
 *(.data)
 *(.data*)
 *(.data.*)
                0x00000000010006e0                __global_pointer$ = .
 *(.sdata)
 *(.sdata.*)
                0x00000000010006e0                . = ALIGN (0x10)
                0x00000000010006e0                __data_end__ = .
                0x00000000010006e0                __edata = .

.bss            0x00000000010006e0      0x5d0
                0x00000000010006e0                . = ALIGN (0x4)
                0x00000000010006e0                __sbss = ALIGN (0x4)
                0x00000000010006e0                __bss_start__ = .
 *(.bss)
 .bss           0x00000000010006e0        0x1 Obj/main.o
                0x00000000010006e0                master_work_flag
 *fill*         0x00000000010006e1        0x3 
 .bss           0x00000000010006e4       0x18 Obj/uart.o
                0x00000000010006e4                ii2
                0x00000000010006e8                buffer_pointer
                0x00000000010006ec                buffer_pointer2
                0x00000000010006f0                ii
                0x00000000010006f4                buffer_cycle
                0x00000000010006f8                buffer_cycle2
 *(.bss.*)
 .bss.app_stack
                0x00000000010006fc      0x200 Obj/crt0.o
                0x00000000010008fc                __initial_sp
 .bss.trap_stack
                0x00000000010008fc      0x208 Obj/crt0.o
                0x00000000010008fc                g_trapstackbase
                0x00000000010008fc                g_trapstackalloc
                0x0000000001000afc                g_trap_sp
                0x0000000001000afc                g_top_trapstack
 *(COMMON)
 COMMON         0x0000000001000b04      0x1a0 Obj/main.o
                0x0000000001000b04                i2c_master_send_buffer
                0x0000000001000bcc                i2c_master_rev_buffer
                0x0000000001000c94                i2c_master_sended_buffer
 COMMON         0x0000000001000ca4        0x4 Obj/uart.o
                0x0000000001000ca4                tm_count
                0x0000000001000cb0                . = ALIGN (0x10)
 *fill*         0x0000000001000ca8        0x8 
                0x0000000001000cb0                __bss_end__ = .
 *crt0.o(.bss.app_stack)
 *crt0.o(.bss.trap_stack)
                0x0000000001000cb0                __end = .
                0x0000000001000cb0                end = .
OUTPUT(Obj/uart1_rx.elf elf32-littleriscv)

.rela.dyn       0x0000000001000cb0        0x0
 .rela.text     0x0000000001000cb0        0x0 Obj/crt0.o
 .rela.exp_table
                0x0000000001000cb0        0x0 Obj/crt0.o
 .rela.text.init
                0x0000000001000cb0        0x0 Obj/crt0.o

.riscv.attributes
                0x0000000000000000       0x29
 .riscv.attributes
                0x0000000000000000       0x29 Obj/crt0.o
 .riscv.attributes
                0x0000000000000029       0x29 Obj/main.o
 .riscv.attributes
                0x0000000000000052       0x29 Obj/uart.o

.comment        0x0000000000000000       0x32
 .comment       0x0000000000000000       0x32 Obj/main.o
                                         0x33 (size before relaxing)
 .comment       0x0000000000000032       0x33 Obj/uart.o

.debug_line     0x0000000000000000     0x1206
 .debug_line    0x0000000000000000      0x25f Obj/crt0.o
 .debug_line    0x000000000000025f      0x83a Obj/main.o
 .debug_line    0x0000000000000a99      0x76d Obj/uart.o

.debug_info     0x0000000000000000     0x18a9
 .debug_info    0x0000000000000000       0x22 Obj/crt0.o
 .debug_info    0x0000000000000022      0xdaf Obj/main.o
 .debug_info    0x0000000000000dd1      0xad8 Obj/uart.o

.debug_abbrev   0x0000000000000000      0x599
 .debug_abbrev  0x0000000000000000       0x12 Obj/crt0.o
 .debug_abbrev  0x0000000000000012      0x35c Obj/main.o
 .debug_abbrev  0x000000000000036e      0x22b Obj/uart.o

.debug_aranges  0x0000000000000000       0x68
 .debug_aranges
                0x0000000000000000       0x28 Obj/crt0.o
 .debug_aranges
                0x0000000000000028       0x20 Obj/main.o
 .debug_aranges
                0x0000000000000048       0x20 Obj/uart.o

.debug_str      0x0000000000000000      0x79b
 .debug_str     0x0000000000000000       0x36 Obj/crt0.o
 .debug_str     0x0000000000000036      0x753 Obj/main.o
                                        0x7e6 (size before relaxing)
 .debug_str     0x0000000000000789       0x12 Obj/uart.o
                                        0x6c3 (size before relaxing)

.debug_ranges   0x0000000000000000       0x20
 .debug_ranges  0x0000000000000000       0x20 Obj/crt0.o

.debug_loc      0x0000000000000000       0xfe
 .debug_loc     0x0000000000000000       0xfe Obj/main.o

.debug_frame    0x0000000000000000       0xb8
 .debug_frame   0x0000000000000000       0x98 Obj/main.o
 .debug_frame   0x0000000000000098       0x20 Obj/uart.o
