ELF Header:
  Magic:   7f 45 4c 46 01 01 01 00 00 00 00 00 00 00 00 00 
  Class:                             ELF32
  Data:                              2's complement, little endian
  Version:                           1 (current)
  OS/ABI:                            UNIX - System V
  ABI Version:                       0
  Type:                              EXEC (Executable file)
  Machine:                           RISC-V
  Version:                           0x1
  Entry point address:               0x1000000
  Start of program headers:          52 (bytes into file)
  Start of section headers:          88516 (bytes into file)
  Flags:                             0x9, RVC, RVE, soft-float ABI
  Size of this header:               52 (bytes)
  Size of program headers:           32 (bytes)
  Number of program headers:         1
  Size of section headers:           40 (bytes)
  Number of section headers:         19
  Section header string table index: 18

Section Headers:
  [Nr] Name              Type            Addr     Off    Size   ES Flg Lk Inf Al
  [ 0]                   NULL            00000000 000000 000000 00      0   0  0
  [ 1] .text             PROGBITS        01000000 001000 000b80 00  AX  0   0  4
  [ 2] .rodata           PROGBITS        01000b80 001b80 000090 00   A  0   0  4
  [ 3] .data             PROGBITS        01000c10 001c10 000000 00  WA  0   0  1
  [ 4] .bss              NOBITS          01000c10 001c10 0001f0 00  WA  0   0  8
  [ 5] .riscv.attributes RISCV_ATTRIBUTE 00000000 001c10 000029 00      0   0  1
  [ 6] .comment          PROGBITS        00000000 001c39 000032 01  MS  0   0  1
  [ 7] .debug_line       PROGBITS        00000000 001c6b 002bea 00      0   0  1
  [ 8] .debug_info       PROGBITS        00000000 004855 004576 00      0   0  1
  [ 9] .debug_abbrev     PROGBITS        00000000 008dcb 0010e4 00      0   0  1
  [10] .debug_aranges    PROGBITS        00000000 009eb0 000120 00      0   0  8
  [11] .debug_str        PROGBITS        00000000 009fd0 007b36 01  MS  0   0  1
  [12] .debug_loc        PROGBITS        00000000 011b06 000f02 00      0   0  1
  [13] .debug_macro      PROGBITS        00000000 012a08 00223c 00      0   0  1
  [14] .debug_frame      PROGBITS        00000000 014c44 000404 00      0   0  4
  [15] .debug_ranges     PROGBITS        00000000 015048 000078 00      0   0  1
  [16] .symtab           SYMTAB          00000000 0150c0 000570 10     17  32  4
  [17] .strtab           STRTAB          00000000 015630 0002cf 00      0   0  1
  [18] .shstrtab         STRTAB          00000000 0158ff 0000c2 00      0   0  1
Key to Flags:
  W (write), A (alloc), X (execute), M (merge), S (strings), I (info),
  L (link order), O (extra OS processing required), G (group), T (TLS),
  C (compressed), x (unknown), o (OS specific), E (exclude),
  p (processor specific)

Program Headers:
  Type           Offset   VirtAddr   PhysAddr   FileSiz MemSiz  Flg Align
  LOAD           0x001000 0x01000000 0x01000000 0x00c10 0x00e00 RWE 0x1000

 Section to Segment mapping:
  Segment Sections...
   00     .text .rodata .bss 
======================================================================
Archive member included to satisfy reference by file (symbol)

d:/c-sky/cdk/csky/mingw/riscv64-unknown-elf-toolchain/bin/../lib/gcc/riscv64-unknown-elf/8.4.0/rv32ec/ilp32e\libgcc.a(div.o)
                              Obj/boot_stc.o (__udivsi3)
d:/c-sky/cdk/csky/mingw/riscv64-unknown-elf-toolchain/bin/../lib/gcc/riscv64-unknown-elf/8.4.0/../../../../riscv64-unknown-elf/lib/rv32ec/ilp32e\libc.a(lib_a-memcpy.o)
                              Obj/boot_fifo.o (memcpy)
d:/c-sky/cdk/csky/mingw/riscv64-unknown-elf-toolchain/bin/../lib/gcc/riscv64-unknown-elf/8.4.0/../../../../riscv64-unknown-elf/lib/rv32ec/ilp32e\libc.a(lib_a-memset.o)
                              Obj/boot_uart.o (memset)

Allocating common symbols
Common symbol       size              file

uart_dev            0x40              Obj/boot_uart.o

Discarded input sections

 .data          0x0000000000000000        0x0 Obj/startup.o
 .bss           0x0000000000000000        0x0 Obj/startup.o
 .group         0x0000000000000000        0xc Obj/main.o
 .group         0x0000000000000000        0xc Obj/main.o
 .group         0x0000000000000000        0xc Obj/main.o
 .group         0x0000000000000000        0xc Obj/main.o
 .group         0x0000000000000000        0xc Obj/main.o
 .group         0x0000000000000000        0xc Obj/main.o
 .group         0x0000000000000000        0xc Obj/main.o
 .group         0x0000000000000000        0xc Obj/main.o
 .group         0x0000000000000000        0xc Obj/main.o
 .group         0x0000000000000000        0xc Obj/main.o
 .group         0x0000000000000000        0xc Obj/main.o
 .group         0x0000000000000000        0xc Obj/main.o
 .group         0x0000000000000000        0xc Obj/main.o
 .group         0x0000000000000000        0xc Obj/main.o
 .group         0x0000000000000000        0xc Obj/main.o
 .group         0x0000000000000000        0xc Obj/main.o
 .group         0x0000000000000000        0xc Obj/main.o
 .group         0x0000000000000000        0xc Obj/main.o
 .group         0x0000000000000000        0xc Obj/main.o
 .group         0x0000000000000000        0xc Obj/main.o
 .group         0x0000000000000000        0xc Obj/main.o
 .group         0x0000000000000000        0xc Obj/main.o
 .group         0x0000000000000000        0xc Obj/main.o
 .group         0x0000000000000000        0xc Obj/main.o
 .group         0x0000000000000000        0xc Obj/main.o
 .group         0x0000000000000000        0xc Obj/main.o
 .group         0x0000000000000000        0xc Obj/main.o
 .group         0x0000000000000000        0xc Obj/main.o
 .group         0x0000000000000000        0xc Obj/main.o
 .group         0x0000000000000000        0xc Obj/main.o
 .group         0x0000000000000000        0xc Obj/main.o
 .group         0x0000000000000000        0xc Obj/main.o
 .group         0x0000000000000000        0xc Obj/main.o
 .bss           0x0000000000000000        0x0 Obj/main.o
 .group         0x0000000000000000        0xc Obj/boot_fifo.o
 .group         0x0000000000000000        0xc Obj/boot_fifo.o
 .group         0x0000000000000000        0xc Obj/boot_fifo.o
 .group         0x0000000000000000        0xc Obj/boot_fifo.o
 .group         0x0000000000000000        0xc Obj/boot_fifo.o
 .group         0x0000000000000000        0xc Obj/boot_fifo.o
 .group         0x0000000000000000        0xc Obj/boot_fifo.o
 .group         0x0000000000000000        0xc Obj/boot_fifo.o
 .group         0x0000000000000000        0xc Obj/boot_fifo.o
 .group         0x0000000000000000        0xc Obj/boot_fifo.o
 .group         0x0000000000000000        0xc Obj/boot_fifo.o
 .group         0x0000000000000000        0xc Obj/boot_fifo.o
 .group         0x0000000000000000        0xc Obj/boot_fifo.o
 .group         0x0000000000000000        0xc Obj/boot_fifo.o
 .group         0x0000000000000000        0xc Obj/boot_fifo.o
 .group         0x0000000000000000        0xc Obj/boot_fifo.o
 .group         0x0000000000000000        0xc Obj/boot_fifo.o
 .group         0x0000000000000000        0xc Obj/boot_fifo.o
 .group         0x0000000000000000        0xc Obj/boot_fifo.o
 .group         0x0000000000000000        0xc Obj/boot_fifo.o
 .group         0x0000000000000000        0xc Obj/boot_fifo.o
 .group         0x0000000000000000        0xc Obj/boot_fifo.o
 .group         0x0000000000000000        0xc Obj/boot_fifo.o
 .group         0x0000000000000000        0xc Obj/boot_fifo.o
 .group         0x0000000000000000        0xc Obj/boot_fifo.o
 .group         0x0000000000000000        0xc Obj/boot_fifo.o
 .group         0x0000000000000000        0xc Obj/boot_fifo.o
 .group         0x0000000000000000        0xc Obj/boot_fifo.o
 .group         0x0000000000000000        0xc Obj/boot_fifo.o
 .group         0x0000000000000000        0xc Obj/boot_fifo.o
 .group         0x0000000000000000        0xc Obj/boot_fifo.o
 .group         0x0000000000000000        0xc Obj/boot_fifo.o
 .data          0x0000000000000000        0x0 Obj/boot_fifo.o
 .bss           0x0000000000000000        0x0 Obj/boot_fifo.o
 .debug_macro   0x0000000000000000      0x74e Obj/boot_fifo.o
 .debug_macro   0x0000000000000000       0x22 Obj/boot_fifo.o
 .debug_macro   0x0000000000000000       0x8e Obj/boot_fifo.o
 .debug_macro   0x0000000000000000       0x51 Obj/boot_fifo.o
 .debug_macro   0x0000000000000000       0xef Obj/boot_fifo.o
 .debug_macro   0x0000000000000000       0x6a Obj/boot_fifo.o
 .debug_macro   0x0000000000000000      0x1df Obj/boot_fifo.o
 .debug_macro   0x0000000000000000       0x22 Obj/boot_fifo.o
 .debug_macro   0x0000000000000000       0x3a Obj/boot_fifo.o
 .debug_macro   0x0000000000000000       0x40 Obj/boot_fifo.o
 .debug_macro   0x0000000000000000       0x3a Obj/boot_fifo.o
 .debug_macro   0x0000000000000000       0x19 Obj/boot_fifo.o
 .debug_macro   0x0000000000000000       0x4c Obj/boot_fifo.o
 .debug_macro   0x0000000000000000       0x34 Obj/boot_fifo.o
 .debug_macro   0x0000000000000000       0x34 Obj/boot_fifo.o
 .debug_macro   0x0000000000000000       0x16 Obj/boot_fifo.o
 .debug_macro   0x0000000000000000      0x10e Obj/boot_fifo.o
 .debug_macro   0x0000000000000000       0x8d Obj/boot_fifo.o
 .debug_macro   0x0000000000000000       0x52 Obj/boot_fifo.o
 .debug_macro   0x0000000000000000       0x1f Obj/boot_fifo.o
 .debug_macro   0x0000000000000000       0x43 Obj/boot_fifo.o
 .debug_macro   0x0000000000000000       0x20 Obj/boot_fifo.o
 .debug_macro   0x0000000000000000      0x18e Obj/boot_fifo.o
 .debug_macro   0x0000000000000000      0x330 Obj/boot_fifo.o
 .debug_macro   0x0000000000000000       0x16 Obj/boot_fifo.o
 .debug_macro   0x0000000000000000       0x29 Obj/boot_fifo.o
 .debug_macro   0x0000000000000000       0x31 Obj/boot_fifo.o
 .debug_macro   0x0000000000000000      0x20a Obj/boot_fifo.o
 .debug_macro   0x0000000000000000       0x64 Obj/boot_fifo.o
 .debug_macro   0x0000000000000000       0x40 Obj/boot_fifo.o
 .group         0x0000000000000000        0xc Obj/boot_stc.o
 .group         0x0000000000000000        0xc Obj/boot_stc.o
 .group         0x0000000000000000        0xc Obj/boot_stc.o
 .group         0x0000000000000000        0xc Obj/boot_stc.o
 .group         0x0000000000000000        0xc Obj/boot_stc.o
 .group         0x0000000000000000        0xc Obj/boot_stc.o
 .group         0x0000000000000000        0xc Obj/boot_stc.o
 .group         0x0000000000000000        0xc Obj/boot_stc.o
 .group         0x0000000000000000        0xc Obj/boot_stc.o
 .group         0x0000000000000000        0xc Obj/boot_stc.o
 .group         0x0000000000000000        0xc Obj/boot_stc.o
 .group         0x0000000000000000        0xc Obj/boot_stc.o
 .group         0x0000000000000000        0xc Obj/boot_stc.o
 .group         0x0000000000000000        0xc Obj/boot_stc.o
 .group         0x0000000000000000        0xc Obj/boot_stc.o
 .group         0x0000000000000000        0xc Obj/boot_stc.o
 .group         0x0000000000000000        0xc Obj/boot_stc.o
 .group         0x0000000000000000        0xc Obj/boot_stc.o
 .group         0x0000000000000000        0xc Obj/boot_stc.o
 .group         0x0000000000000000        0xc Obj/boot_stc.o
 .group         0x0000000000000000        0xc Obj/boot_stc.o
 .group         0x0000000000000000        0xc Obj/boot_stc.o
 .group         0x0000000000000000        0xc Obj/boot_stc.o
 .group         0x0000000000000000        0xc Obj/boot_stc.o
 .group         0x0000000000000000        0xc Obj/boot_stc.o
 .group         0x0000000000000000        0xc Obj/boot_stc.o
 .group         0x0000000000000000        0xc Obj/boot_stc.o
 .group         0x0000000000000000        0xc Obj/boot_stc.o
 .group         0x0000000000000000        0xc Obj/boot_stc.o
 .group         0x0000000000000000        0xc Obj/boot_stc.o
 .group         0x0000000000000000        0xc Obj/boot_stc.o
 .data          0x0000000000000000        0x0 Obj/boot_stc.o
 .debug_macro   0x0000000000000000      0x74e Obj/boot_stc.o
 .debug_macro   0x0000000000000000       0x22 Obj/boot_stc.o
 .debug_macro   0x0000000000000000       0x8e Obj/boot_stc.o
 .debug_macro   0x0000000000000000       0x51 Obj/boot_stc.o
 .debug_macro   0x0000000000000000       0xef Obj/boot_stc.o
 .debug_macro   0x0000000000000000       0x6a Obj/boot_stc.o
 .debug_macro   0x0000000000000000      0x1df Obj/boot_stc.o
 .debug_macro   0x0000000000000000       0x22 Obj/boot_stc.o
 .debug_macro   0x0000000000000000       0x3a Obj/boot_stc.o
 .debug_macro   0x0000000000000000       0x40 Obj/boot_stc.o
 .debug_macro   0x0000000000000000       0x3a Obj/boot_stc.o
 .debug_macro   0x0000000000000000       0x19 Obj/boot_stc.o
 .debug_macro   0x0000000000000000       0x4c Obj/boot_stc.o
 .debug_macro   0x0000000000000000       0x34 Obj/boot_stc.o
 .debug_macro   0x0000000000000000       0x34 Obj/boot_stc.o
 .debug_macro   0x0000000000000000       0x16 Obj/boot_stc.o
 .debug_macro   0x0000000000000000      0x10e Obj/boot_stc.o
 .debug_macro   0x0000000000000000       0x8d Obj/boot_stc.o
 .debug_macro   0x0000000000000000       0x52 Obj/boot_stc.o
 .debug_macro   0x0000000000000000       0x1f Obj/boot_stc.o
 .debug_macro   0x0000000000000000       0x43 Obj/boot_stc.o
 .debug_macro   0x0000000000000000       0x20 Obj/boot_stc.o
 .debug_macro   0x0000000000000000      0x18e Obj/boot_stc.o
 .debug_macro   0x0000000000000000      0x330 Obj/boot_stc.o
 .debug_macro   0x0000000000000000       0x16 Obj/boot_stc.o
 .debug_macro   0x0000000000000000       0x29 Obj/boot_stc.o
 .debug_macro   0x0000000000000000       0x31 Obj/boot_stc.o
 .debug_macro   0x0000000000000000      0x20a Obj/boot_stc.o
 .debug_macro   0x0000000000000000       0x64 Obj/boot_stc.o
 .debug_macro   0x0000000000000000       0x4c Obj/boot_stc.o
 .debug_macro   0x0000000000000000       0x40 Obj/boot_stc.o
 .group         0x0000000000000000        0xc Obj/boot_uart.o
 .group         0x0000000000000000        0xc Obj/boot_uart.o
 .group         0x0000000000000000        0xc Obj/boot_uart.o
 .group         0x0000000000000000        0xc Obj/boot_uart.o
 .group         0x0000000000000000        0xc Obj/boot_uart.o
 .group         0x0000000000000000        0xc Obj/boot_uart.o
 .group         0x0000000000000000        0xc Obj/boot_uart.o
 .group         0x0000000000000000        0xc Obj/boot_uart.o
 .group         0x0000000000000000        0xc Obj/boot_uart.o
 .group         0x0000000000000000        0xc Obj/boot_uart.o
 .group         0x0000000000000000        0xc Obj/boot_uart.o
 .group         0x0000000000000000        0xc Obj/boot_uart.o
 .group         0x0000000000000000        0xc Obj/boot_uart.o
 .group         0x0000000000000000        0xc Obj/boot_uart.o
 .group         0x0000000000000000        0xc Obj/boot_uart.o
 .group         0x0000000000000000        0xc Obj/boot_uart.o
 .group         0x0000000000000000        0xc Obj/boot_uart.o
 .group         0x0000000000000000        0xc Obj/boot_uart.o
 .group         0x0000000000000000        0xc Obj/boot_uart.o
 .group         0x0000000000000000        0xc Obj/boot_uart.o
 .group         0x0000000000000000        0xc Obj/boot_uart.o
 .group         0x0000000000000000        0xc Obj/boot_uart.o
 .group         0x0000000000000000        0xc Obj/boot_uart.o
 .group         0x0000000000000000        0xc Obj/boot_uart.o
 .group         0x0000000000000000        0xc Obj/boot_uart.o
 .group         0x0000000000000000        0xc Obj/boot_uart.o
 .group         0x0000000000000000        0xc Obj/boot_uart.o
 .group         0x0000000000000000        0xc Obj/boot_uart.o
 .group         0x0000000000000000        0xc Obj/boot_uart.o
 .group         0x0000000000000000        0xc Obj/boot_uart.o
 .group         0x0000000000000000        0xc Obj/boot_uart.o
 .group         0x0000000000000000        0xc Obj/boot_uart.o
 .group         0x0000000000000000        0xc Obj/boot_uart.o
 .data          0x0000000000000000        0x0 Obj/boot_uart.o
 .bss           0x0000000000000000        0x0 Obj/boot_uart.o
 .debug_macro   0x0000000000000000      0x74e Obj/boot_uart.o
 .debug_macro   0x0000000000000000       0x22 Obj/boot_uart.o
 .debug_macro   0x0000000000000000       0x8e Obj/boot_uart.o
 .debug_macro   0x0000000000000000       0x51 Obj/boot_uart.o
 .debug_macro   0x0000000000000000       0xef Obj/boot_uart.o
 .debug_macro   0x0000000000000000       0x6a Obj/boot_uart.o
 .debug_macro   0x0000000000000000      0x1df Obj/boot_uart.o
 .debug_macro   0x0000000000000000       0x22 Obj/boot_uart.o
 .debug_macro   0x0000000000000000       0x3a Obj/boot_uart.o
 .debug_macro   0x0000000000000000       0x40 Obj/boot_uart.o
 .debug_macro   0x0000000000000000       0x3a Obj/boot_uart.o
 .debug_macro   0x0000000000000000       0x19 Obj/boot_uart.o
 .debug_macro   0x0000000000000000       0x4c Obj/boot_uart.o
 .debug_macro   0x0000000000000000       0x34 Obj/boot_uart.o
 .debug_macro   0x0000000000000000       0x34 Obj/boot_uart.o
 .debug_macro   0x0000000000000000       0x16 Obj/boot_uart.o
 .debug_macro   0x0000000000000000      0x10e Obj/boot_uart.o
 .debug_macro   0x0000000000000000       0x8d Obj/boot_uart.o
 .debug_macro   0x0000000000000000       0x52 Obj/boot_uart.o
 .debug_macro   0x0000000000000000       0x1f Obj/boot_uart.o
 .debug_macro   0x0000000000000000       0x43 Obj/boot_uart.o
 .debug_macro   0x0000000000000000       0x20 Obj/boot_uart.o
 .debug_macro   0x0000000000000000      0x18e Obj/boot_uart.o
 .debug_macro   0x0000000000000000      0x330 Obj/boot_uart.o
 .debug_macro   0x0000000000000000       0x16 Obj/boot_uart.o
 .debug_macro   0x0000000000000000       0x29 Obj/boot_uart.o
 .debug_macro   0x0000000000000000       0x31 Obj/boot_uart.o
 .debug_macro   0x0000000000000000      0x20a Obj/boot_uart.o
 .debug_macro   0x0000000000000000       0x64 Obj/boot_uart.o
 .debug_macro   0x0000000000000000       0x4c Obj/boot_uart.o
 .debug_macro   0x0000000000000000       0x40 Obj/boot_uart.o
 .debug_macro   0x0000000000000000       0x16 Obj/boot_uart.o
 .debug_macro   0x0000000000000000       0x35 Obj/boot_uart.o
 .group         0x0000000000000000        0xc Obj/boot_system.o
 .group         0x0000000000000000        0xc Obj/boot_system.o
 .group         0x0000000000000000        0xc Obj/boot_system.o
 .group         0x0000000000000000        0xc Obj/boot_system.o
 .group         0x0000000000000000        0xc Obj/boot_system.o
 .group         0x0000000000000000        0xc Obj/boot_system.o
 .group         0x0000000000000000        0xc Obj/boot_system.o
 .group         0x0000000000000000        0xc Obj/boot_system.o
 .group         0x0000000000000000        0xc Obj/boot_system.o
 .group         0x0000000000000000        0xc Obj/boot_system.o
 .group         0x0000000000000000        0xc Obj/boot_system.o
 .group         0x0000000000000000        0xc Obj/boot_system.o
 .group         0x0000000000000000        0xc Obj/boot_system.o
 .group         0x0000000000000000        0xc Obj/boot_system.o
 .group         0x0000000000000000        0xc Obj/boot_system.o
 .group         0x0000000000000000        0xc Obj/boot_system.o
 .group         0x0000000000000000        0xc Obj/boot_system.o
 .group         0x0000000000000000        0xc Obj/boot_system.o
 .group         0x0000000000000000        0xc Obj/boot_system.o
 .group         0x0000000000000000        0xc Obj/boot_system.o
 .group         0x0000000000000000        0xc Obj/boot_system.o
 .group         0x0000000000000000        0xc Obj/boot_system.o
 .group         0x0000000000000000        0xc Obj/boot_system.o
 .group         0x0000000000000000        0xc Obj/boot_system.o
 .group         0x0000000000000000        0xc Obj/boot_system.o
 .group         0x0000000000000000        0xc Obj/boot_system.o
 .group         0x0000000000000000        0xc Obj/boot_system.o
 .group         0x0000000000000000        0xc Obj/boot_system.o
 .group         0x0000000000000000        0xc Obj/boot_system.o
 .data          0x0000000000000000        0x0 Obj/boot_system.o
 .bss           0x0000000000000000        0x0 Obj/boot_system.o
 .debug_macro   0x0000000000000000      0x74e Obj/boot_system.o
 .debug_macro   0x0000000000000000       0x22 Obj/boot_system.o
 .debug_macro   0x0000000000000000       0x8e Obj/boot_system.o
 .debug_macro   0x0000000000000000       0x51 Obj/boot_system.o
 .debug_macro   0x0000000000000000       0xef Obj/boot_system.o
 .debug_macro   0x0000000000000000       0x6a Obj/boot_system.o
 .debug_macro   0x0000000000000000      0x1df Obj/boot_system.o
 .debug_macro   0x0000000000000000       0x22 Obj/boot_system.o
 .debug_macro   0x0000000000000000       0x3a Obj/boot_system.o
 .debug_macro   0x0000000000000000       0x40 Obj/boot_system.o
 .debug_macro   0x0000000000000000       0x3a Obj/boot_system.o
 .debug_macro   0x0000000000000000       0x19 Obj/boot_system.o
 .debug_macro   0x0000000000000000       0x4c Obj/boot_system.o
 .debug_macro   0x0000000000000000       0x34 Obj/boot_system.o
 .debug_macro   0x0000000000000000       0x34 Obj/boot_system.o
 .debug_macro   0x0000000000000000       0x16 Obj/boot_system.o
 .debug_macro   0x0000000000000000      0x10e Obj/boot_system.o
 .debug_macro   0x0000000000000000       0x8d Obj/boot_system.o
 .debug_macro   0x0000000000000000       0x52 Obj/boot_system.o
 .debug_macro   0x0000000000000000       0x1f Obj/boot_system.o
 .debug_macro   0x0000000000000000       0x43 Obj/boot_system.o
 .debug_macro   0x0000000000000000       0x20 Obj/boot_system.o
 .debug_macro   0x0000000000000000      0x18e Obj/boot_system.o
 .debug_macro   0x0000000000000000      0x330 Obj/boot_system.o
 .debug_macro   0x0000000000000000       0x16 Obj/boot_system.o
 .debug_macro   0x0000000000000000       0x29 Obj/boot_system.o
 .debug_macro   0x0000000000000000       0x31 Obj/boot_system.o
 .debug_macro   0x0000000000000000      0x20a Obj/boot_system.o
 .debug_macro   0x0000000000000000       0x64 Obj/boot_system.o
 .group         0x0000000000000000        0xc Obj/boot_board_init.o
 .group         0x0000000000000000        0xc Obj/boot_board_init.o
 .group         0x0000000000000000        0xc Obj/boot_board_init.o
 .group         0x0000000000000000        0xc Obj/boot_board_init.o
 .group         0x0000000000000000        0xc Obj/boot_board_init.o
 .group         0x0000000000000000        0xc Obj/boot_board_init.o
 .group         0x0000000000000000        0xc Obj/boot_board_init.o
 .group         0x0000000000000000        0xc Obj/boot_board_init.o
 .group         0x0000000000000000        0xc Obj/boot_board_init.o
 .group         0x0000000000000000        0xc Obj/boot_board_init.o
 .data          0x0000000000000000        0x0 Obj/boot_board_init.o
 .bss           0x0000000000000000        0x0 Obj/boot_board_init.o
 .debug_macro   0x0000000000000000      0x74e Obj/boot_board_init.o
 .debug_macro   0x0000000000000000       0x22 Obj/boot_board_init.o
 .debug_macro   0x0000000000000000       0x8e Obj/boot_board_init.o
 .debug_macro   0x0000000000000000       0x51 Obj/boot_board_init.o
 .debug_macro   0x0000000000000000       0xef Obj/boot_board_init.o
 .debug_macro   0x0000000000000000       0x6a Obj/boot_board_init.o
 .debug_macro   0x0000000000000000      0x1df Obj/boot_board_init.o
 .debug_macro   0x0000000000000000       0x22 Obj/boot_board_init.o
 .debug_macro   0x0000000000000000       0x3a Obj/boot_board_init.o
 .debug_macro   0x0000000000000000       0x40 Obj/boot_board_init.o
 .group         0x0000000000000000        0xc Obj/boot_console.o
 .group         0x0000000000000000        0xc Obj/boot_console.o
 .group         0x0000000000000000        0xc Obj/boot_console.o
 .group         0x0000000000000000        0xc Obj/boot_console.o
 .group         0x0000000000000000        0xc Obj/boot_console.o
 .group         0x0000000000000000        0xc Obj/boot_console.o
 .group         0x0000000000000000        0xc Obj/boot_console.o
 .group         0x0000000000000000        0xc Obj/boot_console.o
 .group         0x0000000000000000        0xc Obj/boot_console.o
 .group         0x0000000000000000        0xc Obj/boot_console.o
 .group         0x0000000000000000        0xc Obj/boot_console.o
 .group         0x0000000000000000        0xc Obj/boot_console.o
 .group         0x0000000000000000        0xc Obj/boot_console.o
 .data          0x0000000000000000        0x0 Obj/boot_console.o
 .debug_macro   0x0000000000000000      0x74e Obj/boot_console.o
 .debug_macro   0x0000000000000000       0x22 Obj/boot_console.o
 .debug_macro   0x0000000000000000       0x8e Obj/boot_console.o
 .debug_macro   0x0000000000000000       0x51 Obj/boot_console.o
 .debug_macro   0x0000000000000000       0xef Obj/boot_console.o
 .debug_macro   0x0000000000000000       0x6a Obj/boot_console.o
 .debug_macro   0x0000000000000000      0x1df Obj/boot_console.o
 .debug_macro   0x0000000000000000       0x22 Obj/boot_console.o
 .debug_macro   0x0000000000000000       0x3a Obj/boot_console.o
 .debug_macro   0x0000000000000000       0x40 Obj/boot_console.o
 .debug_macro   0x0000000000000000       0x40 Obj/boot_console.o
 .debug_macro   0x0000000000000000       0x10 Obj/boot_console.o
 .group         0x0000000000000000        0xc Obj/boot_shell.o
 .group         0x0000000000000000        0xc Obj/boot_shell.o
 .group         0x0000000000000000        0xc Obj/boot_shell.o
 .group         0x0000000000000000        0xc Obj/boot_shell.o
 .group         0x0000000000000000        0xc Obj/boot_shell.o
 .group         0x0000000000000000        0xc Obj/boot_shell.o
 .group         0x0000000000000000        0xc Obj/boot_shell.o
 .group         0x0000000000000000        0xc Obj/boot_shell.o
 .group         0x0000000000000000        0xc Obj/boot_shell.o
 .group         0x0000000000000000        0xc Obj/boot_shell.o
 .group         0x0000000000000000        0xc Obj/boot_shell.o
 .group         0x0000000000000000        0xc Obj/boot_shell.o
 .group         0x0000000000000000        0xc Obj/boot_shell.o
 .group         0x0000000000000000        0xc Obj/boot_shell.o
 .group         0x0000000000000000        0xc Obj/boot_shell.o
 .group         0x0000000000000000        0xc Obj/boot_shell.o
 .group         0x0000000000000000        0xc Obj/boot_shell.o
 .group         0x0000000000000000        0xc Obj/boot_shell.o
 .group         0x0000000000000000        0xc Obj/boot_shell.o
 .group         0x0000000000000000        0xc Obj/boot_shell.o
 .group         0x0000000000000000        0xc Obj/boot_shell.o
 .group         0x0000000000000000        0xc Obj/boot_shell.o
 .group         0x0000000000000000        0xc Obj/boot_shell.o
 .group         0x0000000000000000        0xc Obj/boot_shell.o
 .group         0x0000000000000000        0xc Obj/boot_shell.o
 .group         0x0000000000000000        0xc Obj/boot_shell.o
 .group         0x0000000000000000        0xc Obj/boot_shell.o
 .group         0x0000000000000000        0xc Obj/boot_shell.o
 .group         0x0000000000000000        0xc Obj/boot_shell.o
 .group         0x0000000000000000        0xc Obj/boot_shell.o
 .group         0x0000000000000000        0xc Obj/boot_shell.o
 .group         0x0000000000000000        0xc Obj/boot_shell.o
 .group         0x0000000000000000        0xc Obj/boot_shell.o
 .group         0x0000000000000000        0xc Obj/boot_shell.o
 .group         0x0000000000000000        0xc Obj/boot_shell.o
 .text          0x0000000000000000        0x0 Obj/boot_shell.o
 .data          0x0000000000000000        0x0 Obj/boot_shell.o
 .bss           0x0000000000000000        0x0 Obj/boot_shell.o
 .debug_info    0x0000000000000000      0x91e Obj/boot_shell.o
 .debug_abbrev  0x0000000000000000      0x1b4 Obj/boot_shell.o
 .debug_aranges
                0x0000000000000000       0x18 Obj/boot_shell.o
 .debug_macro   0x0000000000000000      0x1e1 Obj/boot_shell.o
 .debug_macro   0x0000000000000000      0x74e Obj/boot_shell.o
 .debug_macro   0x0000000000000000       0x22 Obj/boot_shell.o
 .debug_macro   0x0000000000000000       0x8e Obj/boot_shell.o
 .debug_macro   0x0000000000000000       0x51 Obj/boot_shell.o
 .debug_macro   0x0000000000000000       0xef Obj/boot_shell.o
 .debug_macro   0x0000000000000000       0x6a Obj/boot_shell.o
 .debug_macro   0x0000000000000000      0x1df Obj/boot_shell.o
 .debug_macro   0x0000000000000000       0x22 Obj/boot_shell.o
 .debug_macro   0x0000000000000000       0x3a Obj/boot_shell.o
 .debug_macro   0x0000000000000000       0x40 Obj/boot_shell.o
 .debug_macro   0x0000000000000000       0x3a Obj/boot_shell.o
 .debug_macro   0x0000000000000000       0x19 Obj/boot_shell.o
 .debug_macro   0x0000000000000000       0x4c Obj/boot_shell.o
 .debug_macro   0x0000000000000000       0x34 Obj/boot_shell.o
 .debug_macro   0x0000000000000000       0x34 Obj/boot_shell.o
 .debug_macro   0x0000000000000000       0x16 Obj/boot_shell.o
 .debug_macro   0x0000000000000000      0x10e Obj/boot_shell.o
 .debug_macro   0x0000000000000000       0x8d Obj/boot_shell.o
 .debug_macro   0x0000000000000000       0x52 Obj/boot_shell.o
 .debug_macro   0x0000000000000000       0x1f Obj/boot_shell.o
 .debug_macro   0x0000000000000000       0x43 Obj/boot_shell.o
 .debug_macro   0x0000000000000000       0x20 Obj/boot_shell.o
 .debug_macro   0x0000000000000000      0x18e Obj/boot_shell.o
 .debug_macro   0x0000000000000000      0x330 Obj/boot_shell.o
 .debug_macro   0x0000000000000000       0x16 Obj/boot_shell.o
 .debug_macro   0x0000000000000000       0x29 Obj/boot_shell.o
 .debug_macro   0x0000000000000000       0x31 Obj/boot_shell.o
 .debug_macro   0x0000000000000000      0x20a Obj/boot_shell.o
 .debug_macro   0x0000000000000000       0x64 Obj/boot_shell.o
 .debug_macro   0x0000000000000000       0x4c Obj/boot_shell.o
 .debug_macro   0x0000000000000000       0x40 Obj/boot_shell.o
 .debug_macro   0x0000000000000000       0x10 Obj/boot_shell.o
 .debug_macro   0x0000000000000000       0x10 Obj/boot_shell.o
 .debug_macro   0x0000000000000000       0x16 Obj/boot_shell.o
 .debug_macro   0x0000000000000000       0x35 Obj/boot_shell.o
 .debug_line    0x0000000000000000      0x36d Obj/boot_shell.o
 .debug_str     0x0000000000000000     0x74db Obj/boot_shell.o
 .comment       0x0000000000000000       0x33 Obj/boot_shell.o
 .riscv.attributes
                0x0000000000000000       0x29 Obj/boot_shell.o
 .data          0x0000000000000000        0x0 d:/c-sky/cdk/csky/mingw/riscv64-unknown-elf-toolchain/bin/../lib/gcc/riscv64-unknown-elf/8.4.0/rv32ec/ilp32e\libgcc.a(div.o)
 .bss           0x0000000000000000        0x0 d:/c-sky/cdk/csky/mingw/riscv64-unknown-elf-toolchain/bin/../lib/gcc/riscv64-unknown-elf/8.4.0/rv32ec/ilp32e\libgcc.a(div.o)
 .data          0x0000000000000000        0x0 d:/c-sky/cdk/csky/mingw/riscv64-unknown-elf-toolchain/bin/../lib/gcc/riscv64-unknown-elf/8.4.0/../../../../riscv64-unknown-elf/lib/rv32ec/ilp32e\libc.a(lib_a-memcpy.o)
 .bss           0x0000000000000000        0x0 d:/c-sky/cdk/csky/mingw/riscv64-unknown-elf-toolchain/bin/../lib/gcc/riscv64-unknown-elf/8.4.0/../../../../riscv64-unknown-elf/lib/rv32ec/ilp32e\libc.a(lib_a-memcpy.o)
 .data          0x0000000000000000        0x0 d:/c-sky/cdk/csky/mingw/riscv64-unknown-elf-toolchain/bin/../lib/gcc/riscv64-unknown-elf/8.4.0/../../../../riscv64-unknown-elf/lib/rv32ec/ilp32e\libc.a(lib_a-memset.o)
 .bss           0x0000000000000000        0x0 d:/c-sky/cdk/csky/mingw/riscv64-unknown-elf-toolchain/bin/../lib/gcc/riscv64-unknown-elf/8.4.0/../../../../riscv64-unknown-elf/lib/rv32ec/ilp32e\libc.a(lib_a-memset.o)

Memory Configuration

Name             Origin             Length             Attributes
MEM              0x0000000001000000 0x0000000000001000
*default*        0x0000000000000000 0xffffffffffffffff

Linker script and memory map

LOAD Obj/startup.o
LOAD Obj/main.o
LOAD Obj/boot_fifo.o
LOAD Obj/boot_stc.o
LOAD Obj/boot_uart.o
LOAD Obj/boot_system.o
LOAD Obj/boot_board_init.o
LOAD Obj/boot_console.o
LOAD Obj/boot_shell.o
LOAD d:/c-sky/cdk/csky/mingw/riscv64-unknown-elf-toolchain/bin/../lib/gcc/riscv64-unknown-elf/8.4.0/rv32ec/ilp32e\libgcc.a
START GROUP
LOAD d:/c-sky/cdk/csky/mingw/riscv64-unknown-elf-toolchain/bin/../lib/gcc/riscv64-unknown-elf/8.4.0/../../../../riscv64-unknown-elf/lib/rv32ec/ilp32e\libc.a
LOAD d:/c-sky/cdk/csky/mingw/riscv64-unknown-elf-toolchain/bin/../lib/gcc/riscv64-unknown-elf/8.4.0/../../../../riscv64-unknown-elf/lib/rv32ec/ilp32e\libgloss.a
END GROUP
LOAD d:/c-sky/cdk/csky/mingw/riscv64-unknown-elf-toolchain/bin/../lib/gcc/riscv64-unknown-elf/8.4.0/rv32ec/ilp32e\libgcc.a
                [!provide]                        PROVIDE (__origin = 0x1000000)
                [!provide]                        PROVIDE (__length = 0x1000)
                [!provide]                        PROVIDE (__stack = 0x1001000)

.text           0x0000000001000000      0xb80
                0x0000000001000000                . = ALIGN (0x4)
                0x0000000001000000                __stext = .
 *(.text.init)
 *(.text)
 .text          0x0000000001000000       0x20 Obj/startup.o
                0x0000000001000000                Reset_Handler
 .text          0x0000000001000020       0x1e Obj/main.o
                0x0000000001000020                main
 .text          0x000000000100003e      0x15a Obj/boot_fifo.o
                0x000000000100003e                fifo_reset
                0x000000000100004c                fifo_write
                0x0000000001000104                fifo_read
 .text          0x0000000001000198      0x178 Obj/boot_stc.o
                0x0000000001000198                WDG_IRQHandler
                0x000000000100019a                timer_irqhandler
                0x00000000010001bc                timer_register
                0x00000000010001ce                timer_enable
                0x0000000001000210                stc_init
                0x000000000100023a                timer_count
                0x0000000001000250                Watchdog_enable
                0x000000000100026c                tick_count
                0x0000000001000274                tick_diff
                0x0000000001000296                tick_diff_us
                0x00000000010002a6                tick_diff_ms
                0x00000000010002be                delay_us
                0x00000000010002e0                delay_ms
 .text          0x0000000001000310      0x428 Obj/boot_uart.o
                0x0000000001000310                uart_init
                0x0000000001000458                uart_irqhandler
                0x000000000100051c                uart_send
                0x0000000001000674                uart_receive
 .text          0x0000000001000738       0xc4 Obj/boot_system.o
                0x0000000001000738                SystemInit
 .text          0x00000000010007fc        0xc Obj/boot_board_init.o
                0x00000000010007fc                board_init
 .text          0x0000000001000808      0x16e Obj/boot_console.o
                0x0000000001000808                console_init
                0x000000000100081c                getchar
                0x0000000001000842                putchar
                0x000000000100088c                puts
                0x00000000010008b8                put_h8
                0x0000000001000914                put_h16
                0x0000000001000944                put_h32
 *fill*         0x0000000001000976        0x2 
 .text          0x0000000001000978       0x7e d:/c-sky/cdk/csky/mingw/riscv64-unknown-elf-toolchain/bin/../lib/gcc/riscv64-unknown-elf/8.4.0/rv32ec/ilp32e\libgcc.a(div.o)
                0x0000000001000978                __divsi3
                0x0000000001000980                __udivsi3
                0x00000000010009ac                __umodsi3
                0x00000000010009d0                __modsi3
 *fill*         0x00000000010009f6        0x2 
 .text          0x00000000010009f8       0xda d:/c-sky/cdk/csky/mingw/riscv64-unknown-elf-toolchain/bin/../lib/gcc/riscv64-unknown-elf/8.4.0/../../../../riscv64-unknown-elf/lib/rv32ec/ilp32e\libc.a(lib_a-memcpy.o)
                0x00000000010009f8                memcpy
 *fill*         0x0000000001000ad2        0x2 
 .text          0x0000000001000ad4       0xaa d:/c-sky/cdk/csky/mingw/riscv64-unknown-elf-toolchain/bin/../lib/gcc/riscv64-unknown-elf/8.4.0/../../../../riscv64-unknown-elf/lib/rv32ec/ilp32e\libc.a(lib_a-memset.o)
                0x0000000001000ad4                memset
 *(.text*)
 *(.text.*)
                0x0000000001000b80                . = ALIGN (0x10)
 *fill*         0x0000000001000b7e        0x2 
                0x0000000001000b80                __etext = .

.rodata         0x0000000001000b80       0x90
                0x0000000001000b80                . = ALIGN (0x4)
                0x0000000001000b80                __srodata = .
 *(.rdata)
 *(.rdata*)
 *(.rdata1)
 *(.rdata.*)
 *(.rodata)
 .rodata        0x0000000001000b80       0x4c Obj/boot_uart.o
                0x0000000001000b80                buad_rates
 .rodata        0x0000000001000bcc       0x11 Obj/boot_console.o
 *(.rodata1)
 *(.rodata*)
 *fill*         0x0000000001000bdd        0x3 
 .rodata.str1.4
                0x0000000001000be0       0x28 Obj/main.o
                                         0x27 (size before relaxing)
 *(.rodata.*)
                0x0000000001000c10                . = ALIGN (0x10)
 *fill*         0x0000000001000c08        0x8 
                0x0000000001000c10                __erodata = .

.rela.dyn       0x0000000001000c10        0x0
 .rela.text     0x0000000001000c10        0x0 Obj/startup.o

.data           0x0000000001000c10        0x0
                0x0000000001000c10                . = ALIGN (0x4)
                0x0000000001000c10                __sdata = .
                0x0000000001000c10                __data_start = .
 *main.o(.data)
 .data          0x0000000001000c10        0x0 Obj/main.o
 *(.data)
 *(.data*)
 *(.data1)
 *(.data.*)
 *(.data1)
                0x0000000001000c10                __global_pointer$ = .
 *(.sdata)
 *(.sdata.*)
                0x0000000001000c10                . = ALIGN (0x10)
                0x0000000001000c10                __data_end__ = .
                0x0000000001000c10                __edata = .

.bss            0x0000000001000c10      0x1f0
                0x0000000001000c10                . = ALIGN (0x4)
                0x0000000001000c10                __sbss = ALIGN (0x4)
                0x0000000001000c10                __bss_start__ = .
 *(.sbss)
 *(.sbss.*)
 *(.bss)
 .bss           0x0000000001000c10       0x20 Obj/boot_stc.o
 .bss           0x0000000001000c30        0x4 Obj/boot_console.o
 *(.bss.*)
                0x0000000001000c40                . = ALIGN (0x10)
 *fill*         0x0000000001000c34        0xc 
                0x0000000001000c40                __bss_end__ = .
 *startup.o(.app_stack)
 .app_stack     0x0000000001000c40      0x180 Obj/startup.o
                0x0000000001000c40                g_base_irqstack
                0x0000000001000dc0                g_top_irqstack
 *startup.o(.app_heap)
                0x0000000001000dc0                __end = .
                0x0000000001000dc0                end = .
 COMMON         0x0000000001000dc0       0x40 Obj/boot_uart.o
                0x0000000001000dc0                uart_dev
OUTPUT(Obj/uart_test.elf elf32-littleriscv)

.riscv.attributes
                0x0000000000000000       0x29
 .riscv.attributes
                0x0000000000000000       0x29 Obj/startup.o
 .riscv.attributes
                0x0000000000000029       0x29 Obj/main.o
 .riscv.attributes
                0x0000000000000052       0x29 Obj/boot_fifo.o
 .riscv.attributes
                0x000000000000007b       0x29 Obj/boot_stc.o
 .riscv.attributes
                0x00000000000000a4       0x29 Obj/boot_uart.o
 .riscv.attributes
                0x00000000000000cd       0x29 Obj/boot_system.o
 .riscv.attributes
                0x00000000000000f6       0x29 Obj/boot_board_init.o
 .riscv.attributes
                0x000000000000011f       0x29 Obj/boot_console.o
 .riscv.attributes
                0x0000000000000148       0x1f d:/c-sky/cdk/csky/mingw/riscv64-unknown-elf-toolchain/bin/../lib/gcc/riscv64-unknown-elf/8.4.0/rv32ec/ilp32e\libgcc.a(div.o)
 .riscv.attributes
                0x0000000000000167       0x1f d:/c-sky/cdk/csky/mingw/riscv64-unknown-elf-toolchain/bin/../lib/gcc/riscv64-unknown-elf/8.4.0/../../../../riscv64-unknown-elf/lib/rv32ec/ilp32e\libc.a(lib_a-memcpy.o)
 .riscv.attributes
                0x0000000000000186       0x1f d:/c-sky/cdk/csky/mingw/riscv64-unknown-elf-toolchain/bin/../lib/gcc/riscv64-unknown-elf/8.4.0/../../../../riscv64-unknown-elf/lib/rv32ec/ilp32e\libc.a(lib_a-memset.o)

.comment        0x0000000000000000       0x32
 .comment       0x0000000000000000       0x32 Obj/main.o
                                         0x33 (size before relaxing)
 .comment       0x0000000000000032       0x33 Obj/boot_fifo.o
 .comment       0x0000000000000032       0x33 Obj/boot_stc.o
 .comment       0x0000000000000032       0x33 Obj/boot_uart.o
 .comment       0x0000000000000032       0x33 Obj/boot_system.o
 .comment       0x0000000000000032       0x33 Obj/boot_board_init.o
 .comment       0x0000000000000032       0x33 Obj/boot_console.o
 .comment       0x0000000000000032       0x33 d:/c-sky/cdk/csky/mingw/riscv64-unknown-elf-toolchain/bin/../lib/gcc/riscv64-unknown-elf/8.4.0/../../../../riscv64-unknown-elf/lib/rv32ec/ilp32e\libc.a(lib_a-memcpy.o)

.debug_line     0x0000000000000000     0x2bea
 .debug_line    0x0000000000000000       0x5e Obj/startup.o
 .debug_line    0x000000000000005e      0x384 Obj/main.o
 .debug_line    0x00000000000003e2      0x634 Obj/boot_fifo.o
 .debug_line    0x0000000000000a16      0x764 Obj/boot_stc.o
 .debug_line    0x000000000000117a      0xca3 Obj/boot_uart.o
 .debug_line    0x0000000000001e1d      0x4c1 Obj/boot_system.o
 .debug_line    0x00000000000022de      0x255 Obj/boot_board_init.o
 .debug_line    0x0000000000002533      0x53b Obj/boot_console.o
 .debug_line    0x0000000000002a6e      0x17c d:/c-sky/cdk/csky/mingw/riscv64-unknown-elf-toolchain/bin/../lib/gcc/riscv64-unknown-elf/8.4.0/rv32ec/ilp32e\libgcc.a(div.o)

.debug_info     0x0000000000000000     0x4576
 .debug_info    0x0000000000000000       0x26 Obj/startup.o
 .debug_info    0x0000000000000026      0x9a7 Obj/main.o
 .debug_info    0x00000000000009cd      0xb8a Obj/boot_fifo.o
 .debug_info    0x0000000000001557      0xcf4 Obj/boot_stc.o
 .debug_info    0x000000000000224b     0x1219 Obj/boot_uart.o
 .debug_info    0x0000000000003464      0xc7e Obj/boot_system.o
 .debug_info    0x00000000000040e2       0x9c Obj/boot_board_init.o
 .debug_info    0x000000000000417e      0x3d2 Obj/boot_console.o
 .debug_info    0x0000000000004550       0x26 d:/c-sky/cdk/csky/mingw/riscv64-unknown-elf-toolchain/bin/../lib/gcc/riscv64-unknown-elf/8.4.0/rv32ec/ilp32e\libgcc.a(div.o)

.debug_abbrev   0x0000000000000000     0x10e4
 .debug_abbrev  0x0000000000000000       0x14 Obj/startup.o
 .debug_abbrev  0x0000000000000014      0x227 Obj/main.o
 .debug_abbrev  0x000000000000023b      0x270 Obj/boot_fifo.o
 .debug_abbrev  0x00000000000004ab      0x314 Obj/boot_stc.o
 .debug_abbrev  0x00000000000007bf      0x3ae Obj/boot_uart.o
 .debug_abbrev  0x0000000000000b6d      0x329 Obj/boot_system.o
 .debug_abbrev  0x0000000000000e96       0x67 Obj/boot_board_init.o
 .debug_abbrev  0x0000000000000efd      0x1d3 Obj/boot_console.o
 .debug_abbrev  0x00000000000010d0       0x14 d:/c-sky/cdk/csky/mingw/riscv64-unknown-elf-toolchain/bin/../lib/gcc/riscv64-unknown-elf/8.4.0/rv32ec/ilp32e\libgcc.a(div.o)

.debug_aranges  0x0000000000000000      0x120
 .debug_aranges
                0x0000000000000000       0x20 Obj/startup.o
 .debug_aranges
                0x0000000000000020       0x20 Obj/main.o
 .debug_aranges
                0x0000000000000040       0x20 Obj/boot_fifo.o
 .debug_aranges
                0x0000000000000060       0x20 Obj/boot_stc.o
 .debug_aranges
                0x0000000000000080       0x20 Obj/boot_uart.o
 .debug_aranges
                0x00000000000000a0       0x20 Obj/boot_system.o
 .debug_aranges
                0x00000000000000c0       0x20 Obj/boot_board_init.o
 .debug_aranges
                0x00000000000000e0       0x20 Obj/boot_console.o
 .debug_aranges
                0x0000000000000100       0x20 d:/c-sky/cdk/csky/mingw/riscv64-unknown-elf-toolchain/bin/../lib/gcc/riscv64-unknown-elf/8.4.0/rv32ec/ilp32e\libgcc.a(div.o)

.debug_str      0x0000000000000000     0x7b36
 .debug_str     0x0000000000000000       0x34 Obj/startup.o
 .debug_str     0x0000000000000034     0x721c Obj/main.o
                                       0x746f (size before relaxing)
 .debug_str     0x0000000000007250       0xe0 Obj/boot_fifo.o
                                       0x7403 (size before relaxing)
 .debug_str     0x0000000000007330      0x223 Obj/boot_stc.o
                                       0x7645 (size before relaxing)
 .debug_str     0x0000000000007553      0x3b5 Obj/boot_uart.o
                                       0x78c5 (size before relaxing)
 .debug_str     0x0000000000007908       0x8a Obj/boot_system.o
                                       0x73a5 (size before relaxing)
 .debug_str     0x0000000000007992       0x2d Obj/boot_board_init.o
                                       0x35a5 (size before relaxing)
 .debug_str     0x00000000000079bf       0xb9 Obj/boot_console.o
                                       0x394e (size before relaxing)
 .debug_str     0x0000000000007a78       0xbe d:/c-sky/cdk/csky/mingw/riscv64-unknown-elf-toolchain/bin/../lib/gcc/riscv64-unknown-elf/8.4.0/rv32ec/ilp32e\libgcc.a(div.o)
                                         0xca (size before relaxing)

.debug_loc      0x0000000000000000      0xf02
 .debug_loc     0x0000000000000000       0x13 Obj/main.o
 .debug_loc     0x0000000000000013      0x333 Obj/boot_fifo.o
 .debug_loc     0x0000000000000346      0x2f7 Obj/boot_stc.o
 .debug_loc     0x000000000000063d      0x6db Obj/boot_uart.o
 .debug_loc     0x0000000000000d18       0x81 Obj/boot_system.o
 .debug_loc     0x0000000000000d99      0x169 Obj/boot_console.o

.debug_macro    0x0000000000000000     0x223c
 .debug_macro   0x0000000000000000      0x19e Obj/main.o
 .debug_macro   0x000000000000019e      0x74e Obj/main.o
 .debug_macro   0x00000000000008ec       0x22 Obj/main.o
 .debug_macro   0x000000000000090e       0x8e Obj/main.o
 .debug_macro   0x000000000000099c       0x51 Obj/main.o
 .debug_macro   0x00000000000009ed       0xef Obj/main.o
 .debug_macro   0x0000000000000adc       0x6a Obj/main.o
 .debug_macro   0x0000000000000b46      0x1df Obj/main.o
 .debug_macro   0x0000000000000d25       0x22 Obj/main.o
 .debug_macro   0x0000000000000d47       0x3a Obj/main.o
 .debug_macro   0x0000000000000d81       0x40 Obj/main.o
 .debug_macro   0x0000000000000dc1       0x3a Obj/main.o
 .debug_macro   0x0000000000000dfb       0x19 Obj/main.o
 .debug_macro   0x0000000000000e14       0x4c Obj/main.o
 .debug_macro   0x0000000000000e60       0x34 Obj/main.o
 .debug_macro   0x0000000000000e94       0x34 Obj/main.o
 .debug_macro   0x0000000000000ec8       0x16 Obj/main.o
 .debug_macro   0x0000000000000ede      0x10e Obj/main.o
 .debug_macro   0x0000000000000fec       0x8d Obj/main.o
 .debug_macro   0x0000000000001079       0x52 Obj/main.o
 .debug_macro   0x00000000000010cb       0x1f Obj/main.o
 .debug_macro   0x00000000000010ea       0x43 Obj/main.o
 .debug_macro   0x000000000000112d       0x20 Obj/main.o
 .debug_macro   0x000000000000114d      0x18e Obj/main.o
 .debug_macro   0x00000000000012db      0x330 Obj/main.o
 .debug_macro   0x000000000000160b       0x16 Obj/main.o
 .debug_macro   0x0000000000001621       0x29 Obj/main.o
 .debug_macro   0x000000000000164a       0x31 Obj/main.o
 .debug_macro   0x000000000000167b      0x20a Obj/main.o
 .debug_macro   0x0000000000001885       0x64 Obj/main.o
 .debug_macro   0x00000000000018e9       0x4c Obj/main.o
 .debug_macro   0x0000000000001935       0x40 Obj/main.o
 .debug_macro   0x0000000000001975       0x10 Obj/main.o
 .debug_macro   0x0000000000001985       0x10 Obj/main.o
 .debug_macro   0x0000000000001995      0x1ba Obj/boot_fifo.o
 .debug_macro   0x0000000000001b4f       0x16 Obj/boot_fifo.o
 .debug_macro   0x0000000000001b65       0x35 Obj/boot_fifo.o
 .debug_macro   0x0000000000001b9a      0x1bc Obj/boot_stc.o
 .debug_macro   0x0000000000001d56      0x1cf Obj/boot_uart.o
 .debug_macro   0x0000000000001f25      0x180 Obj/boot_system.o
 .debug_macro   0x00000000000020a5       0x94 Obj/boot_board_init.o
 .debug_macro   0x0000000000002139       0xbd Obj/boot_console.o
 .debug_macro   0x00000000000021f6       0x46 Obj/boot_console.o

.debug_frame    0x0000000000000000      0x404
 .debug_frame   0x0000000000000000       0x28 Obj/main.o
 .debug_frame   0x0000000000000028       0x70 Obj/boot_fifo.o
 .debug_frame   0x0000000000000098      0x168 Obj/boot_stc.o
 .debug_frame   0x0000000000000200       0xa8 Obj/boot_uart.o
 .debug_frame   0x00000000000002a8       0x30 Obj/boot_system.o
 .debug_frame   0x00000000000002d8       0x2c Obj/boot_board_init.o
 .debug_frame   0x0000000000000304      0x100 Obj/boot_console.o

.debug_ranges   0x0000000000000000       0x78
 .debug_ranges  0x0000000000000000       0x18 Obj/boot_uart.o
 .debug_ranges  0x0000000000000018       0x18 Obj/boot_system.o
 .debug_ranges  0x0000000000000030       0x48 Obj/boot_console.o
